Component: ARM Compiler 5.06 update 2 (build 183) Tool: armlink [4d35b7]

==============================================================================

Section Cross References

    system_stm32f1xx.o(i.SystemCoreClockUpdate) refers to system_stm32f1xx.o(.data) for .data
    system_stm32f1xx.o(i.SystemCoreClockUpdate) refers to system_stm32f1xx.o(.constdata) for .constdata
    startup_stm32f103xb.o(RESET) refers to startup_stm32f103xb.o(STACK) for __initial_sp
    startup_stm32f103xb.o(RESET) refers to startup_stm32f103xb.o(.text) for Reset_Handler
    startup_stm32f103xb.o(RESET) refers to stm32f1xx_it.o(i.NMI_Handler) for NMI_Handler
    startup_stm32f103xb.o(RESET) refers to stm32f1xx_it.o(i.HardFault_Handler) for HardFault_Handler
    startup_stm32f103xb.o(RESET) refers to stm32f1xx_it.o(i.MemManage_Handler) for MemManage_Handler
    startup_stm32f103xb.o(RESET) refers to stm32f1xx_it.o(i.BusFault_Handler) for BusFault_Handler
    startup_stm32f103xb.o(RESET) refers to stm32f1xx_it.o(i.UsageFault_Handler) for UsageFault_Handler
    startup_stm32f103xb.o(RESET) refers to stm32f1xx_it.o(i.SVC_Handler) for SVC_Handler
    startup_stm32f103xb.o(RESET) refers to stm32f1xx_it.o(i.DebugMon_Handler) for DebugMon_Handler
    startup_stm32f103xb.o(RESET) refers to stm32f1xx_it.o(i.PendSV_Handler) for PendSV_Handler
    startup_stm32f103xb.o(RESET) refers to stm32f1xx_it.o(i.SysTick_Handler) for SysTick_Handler
    startup_stm32f103xb.o(RESET) refers to stm32f1xx_it.o(i.TIM4_IRQHandler) for TIM4_IRQHandler
    startup_stm32f103xb.o(RESET) refers to stm32f1xx_it.o(i.USART1_IRQHandler) for USART1_IRQHandler
    startup_stm32f103xb.o(.text) refers to system_stm32f1xx.o(i.SystemInit) for SystemInit
    startup_stm32f103xb.o(.text) refers to entry.o(.ARM.Collect$$$$00000000) for __main
    main.o(i.HAL_SYSTICK_Callback) refers to main.o(.data) for .data
    main.o(i.HAL_TIM_PeriodElapsedCallback) refers to main.o(i.process_pluse) for process_pluse
    main.o(i.HAL_UART_RxCpltCallback) refers to stm32f1xx_hal_gpio.o(i.HAL_GPIO_WritePin) for HAL_GPIO_WritePin
    main.o(i.HAL_UART_RxCpltCallback) refers to main.o(.data) for .data
    main.o(i.HAL_UART_RxCpltCallback) refers to main.o(.bss) for .bss
    main.o(i.Motor_Position) refers to stm32f1xx_hal_gpio.o(i.HAL_GPIO_WritePin) for HAL_GPIO_WritePin
    main.o(i.Motor_Position) refers to main.o(.bss) for .bss
    main.o(i.Motor_Position) refers to main.o(.data) for .data
    main.o(i.Motor_Position) refers to tim.o(.bss) for htim2
    main.o(i.Run_step_motor) refers to stm32f1xx_hal_gpio.o(i.HAL_GPIO_WritePin) for HAL_GPIO_WritePin
    main.o(i.Run_step_motor) refers to stm32f1xx_hal_gpio.o(i.HAL_GPIO_ReadPin) for HAL_GPIO_ReadPin
    main.o(i.Run_step_motor) refers to main.o(.bss) for .bss
    main.o(i.SystemClock_Config) refers to stm32f1xx_hal_rcc.o(i.HAL_RCC_OscConfig) for HAL_RCC_OscConfig
    main.o(i.SystemClock_Config) refers to stm32f1xx_hal_rcc.o(i.HAL_RCC_ClockConfig) for HAL_RCC_ClockConfig
    main.o(i.SystemClock_Config) refers to stm32f1xx_hal_rcc.o(i.HAL_RCC_GetHCLKFreq) for HAL_RCC_GetHCLKFreq
    main.o(i.SystemClock_Config) refers to stm32f1xx_hal_cortex.o(i.HAL_SYSTICK_Config) for HAL_SYSTICK_Config
    main.o(i.SystemClock_Config) refers to stm32f1xx_hal_cortex.o(i.HAL_SYSTICK_CLKSourceConfig) for HAL_SYSTICK_CLKSourceConfig
    main.o(i.SystemClock_Config) refers to stm32f1xx_hal_cortex.o(i.HAL_NVIC_SetPriority) for HAL_NVIC_SetPriority
    main.o(i.check_limit_switch) refers to stm32f1xx_hal_gpio.o(i.HAL_GPIO_ReadPin) for HAL_GPIO_ReadPin
    main.o(i.control_motor_program) refers to main.o(i.Motor_Position) for Motor_Position
    main.o(i.control_motor_program) refers to main.o(i.Run_step_motor) for Run_step_motor
    main.o(i.control_motor_program) refers to main.o(.data) for .data
    main.o(i.control_motor_program) refers to main.o(.bss) for .bss
    main.o(i.conver_distance_to_pluse) refers to fmul.o(.text) for __aeabi_fmul
    main.o(i.conver_distance_to_pluse) refers to fdiv.o(.text) for __aeabi_fdiv
    main.o(i.conver_distance_to_pluse) refers to ffixi.o(.text) for __aeabi_f2iz
    main.o(i.fputc) refers to stm32f1xx_hal_gpio.o(i.HAL_GPIO_WritePin) for HAL_GPIO_WritePin
    main.o(i.fputc) refers to stm32f1xx_hal_uart.o(i.HAL_UART_Transmit) for HAL_UART_Transmit
    main.o(i.fputc) refers to usart.o(.bss) for huart1
    main.o(i.machine_state) refers to stm32f1xx_hal_gpio.o(i.HAL_GPIO_ReadPin) for HAL_GPIO_ReadPin
    main.o(i.machine_state) refers to main.o(i.reset_encoder) for reset_encoder
    main.o(i.machine_state) refers to main.o(i.conver_distance_to_pluse) for conver_distance_to_pluse
    main.o(i.machine_state) refers to main.o(.data) for .data
    main.o(i.machine_state) refers to main.o(.bss) for .bss
    main.o(i.machine_state) refers to tim.o(.bss) for htim3
    main.o(i.main) refers to stm32f1xx_hal.o(i.HAL_Init) for HAL_Init
    main.o(i.main) refers to main.o(i.SystemClock_Config) for SystemClock_Config
[...]
    Removing stm32f1xx_hal.o(i.HAL_GetDEVID), (16 bytes).
    Removing stm32f1xx_hal.o(i.HAL_GetHalVersion), (8 bytes).
    Removing stm32f1xx_hal.o(i.HAL_GetREVID), (28 bytes).
    Removing stm32f1xx_hal.o(i.HAL_MspDeInit), (2 bytes).
    Removing stm32f1xx_hal.o(i.HAL_MspInit), (2 bytes).
    Removing stm32f1xx_hal.o(i.HAL_ResumeTick), (14 bytes).
    Removing stm32f1xx_hal.o(i.HAL_SuspendTick), (14 bytes).
    Removing stm32f1xx_hal_pwr.o(.rev16_text), (4 bytes).
    Removing stm32f1xx_hal_pwr.o(.revsh_text), (4 bytes).
    Removing stm32f1xx_hal_pwr.o(.rrx_text), (6 bytes).
    Removing stm32f1xx_hal_pwr.o(i.HAL_PWR_ConfigPVD), (280 bytes).
    Removing stm32f1xx_hal_pwr.o(i.HAL_PWR_DeInit), (24 bytes).
    Removing stm32f1xx_hal_pwr.o(i.HAL_PWR_DisableBkUpAccess), (28 bytes).
    Removing stm32f1xx_hal_pwr.o(i.HAL_PWR_DisablePVD), (24 bytes).
    Removing stm32f1xx_hal_pwr.o(i.HAL_PWR_DisableSEVOnPend), (16 bytes).
    Removing stm32f1xx_hal_pwr.o(i.HAL_PWR_DisableSleepOnExit), (16 bytes).
    Removing stm32f1xx_hal_pwr.o(i.HAL_PWR_DisableWakeUpPin), (104 bytes).
    Removing stm32f1xx_hal_pwr.o(i.HAL_PWR_EnableBkUpAccess), (24 bytes).
    Removing stm32f1xx_hal_pwr.o(i.HAL_PWR_EnablePVD), (24 bytes).
    Removing stm32f1xx_hal_pwr.o(i.HAL_PWR_EnableSEVOnPend), (16 bytes).
    Removing stm32f1xx_hal_pwr.o(i.HAL_PWR_EnableSleepOnExit), (16 bytes).
    Removing stm32f1xx_hal_pwr.o(i.HAL_PWR_EnableWakeUpPin), (104 bytes).
    Removing stm32f1xx_hal_pwr.o(i.HAL_PWR_EnterSLEEPMode), (108 bytes).
    Removing stm32f1xx_hal_pwr.o(i.HAL_PWR_EnterSTANDBYMode), (32 bytes).
    Removing stm32f1xx_hal_pwr.o(i.HAL_PWR_EnterSTOPMode), (164 bytes).
    Removing stm32f1xx_hal_pwr.o(i.HAL_PWR_PVDCallback), (2 bytes).
    Removing stm32f1xx_hal_pwr.o(i.HAL_PWR_PVD_IRQHandler), (28 bytes).
    Removing stm32f1xx_hal_pwr.o(i.PWR_OverloadWfe), (6 bytes).
    Removing stm32f1xx_hal_dma.o(.rev16_text), (4 bytes).
    Removing stm32f1xx_hal_dma.o(.revsh_text), (4 bytes).
    Removing stm32f1xx_hal_dma.o(.rrx_text), (6 bytes).
    Removing stm32f1xx_hal_dma.o(i.DMA_SetConfig), (30 bytes).
    Removing stm32f1xx_hal_dma.o(i.HAL_DMA_Abort), (86 bytes).
    Removing stm32f1xx_hal_dma.o(i.HAL_DMA_DeInit), (396 bytes).
    Removing stm32f1xx_hal_dma.o(i.HAL_DMA_GetError), (4 bytes).
    Removing stm32f1xx_hal_dma.o(i.HAL_DMA_GetState), (6 bytes).
    Removing stm32f1xx_hal_dma.o(i.HAL_DMA_IRQHandler), (620 bytes).
    Removing stm32f1xx_hal_dma.o(i.HAL_DMA_Init), (356 bytes).
    Removing stm32f1xx_hal_dma.o(i.HAL_DMA_PollForTransfer), (572 bytes).
    Removing stm32f1xx_hal_dma.o(i.HAL_DMA_Start), (152 bytes).
    Removing stm32f1xx_hal_dma.o(i.HAL_DMA_Start_IT), (180 bytes).
    Removing stm32f1xx_hal_flash_ex.o(.rev16_text), (4 bytes).
    Removing stm32f1xx_hal_flash_ex.o(.revsh_text), (4 bytes).
    Removing stm32f1xx_hal_flash_ex.o(.rrx_text), (6 bytes).
    Removing stm32f1xx_hal_flash_ex.o(i.FLASH_MassErase), (116 bytes).
    Removing stm32f1xx_hal_flash_ex.o(i.FLASH_OB_DisableWRP), (256 bytes).
    Removing stm32f1xx_hal_flash_ex.o(i.FLASH_OB_EnableWRP), (256 bytes).
    Removing stm32f1xx_hal_flash_ex.o(i.FLASH_OB_GetRDP), (24 bytes).
    Removing stm32f1xx_hal_flash_ex.o(i.FLASH_OB_ProgramData), (156 bytes).
    Removing stm32f1xx_hal_flash_ex.o(i.FLASH_OB_RDP_LevelConfig), (180 bytes).
    Removing stm32f1xx_hal_flash_ex.o(i.FLASH_OB_UserConfig), (68 bytes).
    Removing stm32f1xx_hal_flash_ex.o(i.FLASH_PageErase), (36 bytes).
    Removing stm32f1xx_hal_flash_ex.o(i.HAL_FLASHEx_Erase), (420 bytes).
    Removing stm32f1xx_hal_flash_ex.o(i.HAL_FLASHEx_Erase_IT), (352 bytes).
    Removing stm32f1xx_hal_flash_ex.o(i.HAL_FLASHEx_OBErase), (84 bytes).
    Removing stm32f1xx_hal_flash_ex.o(i.HAL_FLASHEx_OBGetConfig), (48 bytes).
    Removing stm32f1xx_hal_flash_ex.o(i.HAL_FLASHEx_OBGetUserData), (48 bytes).
    Removing stm32f1xx_hal_flash_ex.o(i.HAL_FLASHEx_OBProgram), (224 bytes).
    Removing stm32f1xx_hal_rcc_ex.o(.rev16_text), (4 bytes).
    Removing stm32f1xx_hal_rcc_ex.o(.revsh_text), (4 bytes).
    Removing stm32f1xx_hal_rcc_ex.o(.rrx_text), (6 bytes).
    Removing stm32f1xx_hal_rcc_ex.o(i.HAL_RCCEx_GetPeriphCLKConfig), (44 bytes).
    Removing stm32f1xx_hal_rcc_ex.o(i.HAL_RCCEx_GetPeriphCLKFreq), (324 bytes).
    Removing stm32f1xx_hal_rcc_ex.o(i.HAL_RCCEx_PeriphCLKConfig), (468 bytes).
    Removing stm32f1xx_hal_gpio.o(.rev16_text), (4 bytes).
    Removing stm32f1xx_hal_gpio.o(.revsh_text), (4 bytes).
    Removing stm32f1xx_hal_gpio.o(.rrx_text), (6 bytes).
    Removing stm32f1xx_hal_gpio.o(i.HAL_GPIO_EXTI_Callback), (2 bytes).
    Removing stm32f1xx_hal_gpio.o(i.HAL_GPIO_EXTI_IRQHandler), (24 bytes).
    Removing stm32f1xx_hal_gpio.o(i.HAL_GPIO_LockPin), (176 bytes).
    Removing stm32f1xx_hal_gpio.o(i.HAL_GPIO_TogglePin), (88 bytes).

318 unused section(s) (total 32655 bytes) removed from the image.

==============================================================================

Image Symbol Table

    Local Symbols

    Symbol Name                              Value     Ov Type        Size  Object(Section)

    ../Drivers/CMSIS//Device/ST/STM32F1xx/Source/Templates/system_stm32f1xx.c 0x00000000   Number         0  system_stm32f1xx.o ABSOLUTE
    ../Drivers/STM32F1xx_HAL_Driver/Src/stm32f1xx_hal.c 0x00000000   Number         0  stm32f1xx_hal.o ABSOLUTE
    ../Drivers/STM32F1xx_HAL_Driver/Src/stm32f1xx_hal_cortex.c 0x00000000   Number         0  stm32f1xx_hal_cortex.o ABSOLUTE
    ../Drivers/STM32F1xx_HAL_Driver/Src/stm32f1xx_hal_dma.c 0x00000000   Number         0  stm32f1xx_hal_dma.o ABSOLUTE
    ../Drivers/STM32F1xx_HAL_Driver/Src/stm32f1xx_hal_flash.c 0x00000000   Number         0  stm32f1xx_hal_flash.o ABSOLUTE
    ../Drivers/STM32F1xx_HAL_Driver/Src/stm32f1xx_hal_flash_ex.c 0x00000000   Number         0  stm32f1xx_hal_flash_ex.o ABSOLUTE
    ../Drivers/STM32F1xx_HAL_Driver/Src/stm32f1xx_hal_gpio.c 0x00000000   Number         0  stm32f1xx_hal_gpio.o ABSOLUTE
    ../Drivers/STM32F1xx_HAL_Driver/Src/stm32f1xx_hal_gpio_ex.c 0x00000000   Number         0  stm32f1xx_hal_gpio_ex.o ABSOLUTE
    ../Drivers/STM32F1xx_HAL_Driver/Src/stm32f1xx_hal_pwr.c 0x00000000   Number         0  stm32f1xx_hal_pwr.o ABSOLUTE
    ../Drivers/STM32F1xx_HAL_Driver/Src/stm32f1xx_hal_rcc.c 0x00000000   Number         0  stm32f1xx_hal_rcc.o ABSOLUTE
    ../Drivers/STM32F1xx_HAL_Driver/Src/stm32f1xx_hal_rcc_ex.c 0x00000000   Number         0  stm32f1xx_hal_rcc_ex.o ABSOLUTE
    ../Drivers/STM32F1xx_HAL_Driver/Src/stm32f1xx_hal_tim.c 0x00000000   Number         0  stm32f1xx_hal_tim.o ABSOLUTE
    ../Drivers/STM32F1xx_HAL_Driver/Src/stm32f1xx_hal_tim_ex.c 0x00000000   Number         0  stm32f1xx_hal_tim_ex.o ABSOLUTE
    ../Drivers/STM32F1xx_HAL_Driver/Src/stm32f1xx_hal_uart.c 0x00000000   Number         0  stm32f1xx_hal_uart.o ABSOLUTE
    ../Src/gpio.c                            0x00000000   Number         0  gpio.o ABSOLUTE
    ../Src/main.c                            0x00000000   Number         0  main.o ABSOLUTE
    ../Src/stm32f1xx_hal_msp.c               0x00000000   Number         0  stm32f1xx_hal_msp.o ABSOLUTE
    ../Src/stm32f1xx_it.c                    0x00000000   Number         0  stm32f1xx_it.o ABSOLUTE
    ../Src/tim.c                             0x00000000   Number         0  tim.o ABSOLUTE
    ../Src/usart.c                           0x00000000   Number         0  usart.o ABSOLUTE
    ../clib/microlib/ctype/ctype.c           0x00000000   Number         0  ctype_c.o ABSOLUTE
    ../clib/microlib/ctype/ctype.c           0x00000000   Number         0  isalpha_o.o ABSOLUTE
    ../clib/microlib/ctype/ctype.c           0x00000000   Number         0  isspace_o.o ABSOLUTE
    ../clib/microlib/ctype/ctype.c           0x00000000   Number         0  isalnum_o.o ABSOLUTE
    ../clib/microlib/ctype/ctype.c           0x00000000   Number         0  isspace_c.o ABSOLUTE
    ../clib/microlib/ctype/ctype.c           0x00000000   Number         0  isxdigit_o.o ABSOLUTE
    ../clib/microlib/ctype/ctype.c           0x00000000   Number         0  isupper_o.o ABSOLUTE
    ../clib/microlib/ctype/ctype.c           0x00000000   Number         0  isdigit_o.o ABSOLUTE
    ../clib/microlib/ctype/ctype.c           0x00000000   Number         0  iscntrl_o.o ABSOLUTE
    ../clib/microlib/ctype/ctype.c           0x00000000   Number         0  isblank_o.o ABSOLUTE
    ../clib/microlib/ctype/ctype.c           0x00000000   Number         0  isgraph_o.o ABSOLUTE
    ../clib/microlib/ctype/ctype.c           0x00000000   Number         0  islower_o.o ABSOLUTE
    ../clib/microlib/ctype/ctype.c           0x00000000   Number         0  isprint_o.o ABSOLUTE
    ../clib/microlib/ctype/ctype.c           0x00000000   Number         0  ispunct_o.o ABSOLUTE
    ../clib/microlib/ctype/ctype.c           0x00000000   Number         0  ctype_o.o ABSOLUTE
    ../clib/microlib/division.c              0x00000000   Number         0  uldiv.o ABSOLUTE
    ../clib/microlib/division.c              0x00000000   Number         0  uidiv.o ABSOLUTE
    ../clib/microlib/errno.c                 0x00000000   Number         0  errno.o ABSOLUTE
    ../clib/microlib/init/entry.s            0x00000000   Number         0  entry5.o ABSOLUTE
    ../clib/microlib/init/entry.s            0x00000000   Number         0  entry7b.o ABSOLUTE
    ../clib/microlib/init/entry.s            0x00000000   Number         0  entry7a.o ABSOLUTE
    ../clib/microlib/init/entry.s            0x00000000   Number         0  entry9b.o ABSOLUTE
    ../clib/microlib/init/entry.s            0x00000000   Number         0  entry8a.o ABSOLUTE
    ../clib/microlib/init/entry.s            0x00000000   Number         0  entry.o ABSOLUTE
    ../clib/microlib/init/entry.s            0x00000000   Number         0  entry8b.o ABSOLUTE
    ../clib/microlib/init/entry.s            0x00000000   Number         0  entry9a.o ABSOLUTE
    ../clib/microlib/init/entry.s            0x00000000   Number         0  entry10b.o ABSOLUTE
    ../clib/microlib/init/entry.s            0x00000000   Number         0  entry2.o ABSOLUTE
    ../clib/microlib/init/entry.s            0x00000000   Number         0  entry11a.o ABSOLUTE
    ../clib/microlib/init/entry.s            0x00000000   Number         0  entry11b.o ABSOLUTE
    ../clib/microlib/init/entry.s            0x00000000   Number         0  entry10a.o ABSOLUTE
    ../clib/microlib/longlong.c              0x00000000   Number         0  llushr.o ABSOLUTE
    ../clib/microlib/longlong.c              0x00000000   Number         0  llsshr.o ABSOLUTE
    ../clib/microlib/longlong.c              0x00000000   Number         0  llshl.o ABSOLUTE
    ../clib/microlib/printf/printf.c         0x00000000   Number         0  printfb.o ABSOLUTE
    ../clib/microlib/printf/printf.c         0x00000000   Number         0  printf0.o ABSOLUTE
    ../clib/microlib/printf/printf.c         0x00000000   Number         0  printf4.o ABSOLUTE
    ../clib/microlib/printf/printf.c         0x00000000   Number         0  printfa.o ABSOLUTE
    ../clib/microlib/printf/printf.c         0x00000000   Number         0  printf8.o ABSOLUTE
    ../clib/microlib/printf/printf.c         0x00000000   Number         0  printf7.o ABSOLUTE
    ../clib/microlib/printf/printf.c         0x00000000   Number         0  printf6.o ABSOLUTE
    ../clib/microlib/printf/printf.c         0x00000000   Number         0  printf5.o ABSOLUTE
    ../clib/microlib/printf/printf.c         0x00000000   Number         0  printf3.o ABSOLUTE
    ../clib/microlib/printf/printf.c         0x00000000   Number         0  printf1.o ABSOLUTE
    ../clib/microlib/printf/printf.c         0x00000000   Number         0  printf2.o ABSOLUTE
    ../clib/microlib/printf/stubs.s          0x00000000   Number         0  stubs.o ABSOLUTE
    ../clib/microlib/stdio/streams.c         0x00000000   Number         0  stdout.o ABSOLUTE
    ../clib/microlib/string/strlen.c         0x00000000   Number         0  strlen.o ABSOLUTE
    ../clib/microlib/stubs.s                 0x00000000   Number         0  iusefp.o ABSOLUTE
    ../clib/scanf.c                          0x00000000   Number         0  scanf_fp.o ABSOLUTE
    ../clib/scanf.c                          0x00000000   Number         0  _strtoul.o ABSOLUTE
    ../clib/scanf.c                          0x00000000   Number         0  atoi.o ABSOLUTE
    ../clib/scanf.c                          0x00000000   Number         0  strtol.o ABSOLUTE
    ../clib/scanf.c                          0x00000000   Number         0  _chval.o ABSOLUTE
    ../clib/scanf.c                          0x00000000   Number         0  _sgetc.o ABSOLUTE
    ../clib/scanf.c                          0x00000000   Number         0  strtod.o ABSOLUTE
    ../fplib/microlib/d2f.c                  0x00000000   Number         0  d2f.o ABSOLUTE
    ../fplib/microlib/f2d.c                  0x00000000   Number         0  f2d.o ABSOLUTE
    ../fplib/microlib/fpadd.c                0x00000000   Number         0  dadd.o ABSOLUTE
    ../fplib/microlib/fpdiv.c                0x00000000   Number         0  ddiv.o ABSOLUTE
    ../fplib/microlib/fpdiv.c                0x00000000   Number         0  fdiv.o ABSOLUTE
    ../fplib/microlib/fpepilogue.c           0x00000000   Number         0  depilogue.o ABSOLUTE
    ../fplib/microlib/fpepilogue.c           0x00000000   Number         0  fepilogue.o ABSOLUTE
    ../fplib/microlib/fpfix.c                0x00000000   Number         0  dfixul.o ABSOLUTE
    ../fplib/microlib/fpfix.c                0x00000000   Number         0  ffixi.o ABSOLUTE
    ../fplib/microlib/fpflt.c                0x00000000   Number         0  fflti.o ABSOLUTE
    ../fplib/microlib/fpflt.c                0x00000000   Number         0  dfltul.o ABSOLUTE
    ../fplib/microlib/fpmul.c                0x00000000   Number         0  dmul.o ABSOLUTE
    ../fplib/microlib/fpmul.c                0x00000000   Number         0  fmul.o ABSOLUTE
    ../mathlib/atof.c                        0x00000000   Number         0  atof.o ABSOLUTE
    ..\Drivers\CMSIS\\Device\ST\STM32F1xx\Source\Templates\system_stm32f1xx.c 0x00000000   Number         0  system_stm32f1xx.o ABSOLUTE
    ..\Drivers\STM32F1xx_HAL_Driver\Src\stm32f1xx_hal.c 0x00000000   Number         0  stm32f1xx_hal.o ABSOLUTE
    ..\Drivers\STM32F1xx_HAL_Driver\Src\stm32f1xx_hal_cortex.c 0x00000000   Number         0  stm32f1xx_hal_cortex.o ABSOLUTE
    ..\Drivers\STM32F1xx_HAL_Driver\Src\stm32f1xx_hal_dma.c 0x00000000   Number         0  stm32f1xx_hal_dma.o ABSOLUTE
    ..\Drivers\STM32F1xx_HAL_Driver\Src\stm32f1xx_hal_flash.c 0x00000000   Number         0  stm32f1xx_hal_flash.o ABSOLUTE
    ..\Drivers\STM32F1xx_HAL_Driver\Src\stm32f1xx_hal_flash_ex.c 0x00000000   Number         0  stm32f1xx_hal_flash_ex.o ABSOLUTE
    ..\Drivers\STM32F1xx_HAL_Driver\Src\stm32f1xx_hal_gpio.c 0x00000000   Number         0  stm32f1xx_hal_gpio.o ABSOLUTE
    ..\Drivers\STM32F1xx_HAL_Driver\Src\stm32f1xx_hal_gpio_ex.c 0x00000000   Number         0  stm32f1xx_hal_gpio_ex.o ABSOLUTE
    ..\Drivers\STM32F1xx_HAL_Driver\Src\stm32f1xx_hal_pwr.c 0x00000000   Number         0  stm32f1xx_hal_pwr.o ABSOLUTE
    ..\Drivers\STM32F1xx_HAL_Driver\Src\stm32f1xx_hal_rcc.c 0x00000000   Number         0  stm32f1xx_hal_rcc.o ABSOLUTE
    ..\Drivers\STM32F1xx_HAL_Driver\Src\stm32f1xx_hal_rcc_ex.c 0x00000000   Number         0  stm32f1xx_hal_rcc_ex.o ABSOLUTE
    ..\Drivers\STM32F1xx_HAL_Driver\Src\stm32f1xx_hal_tim.c 0x00000000   Number         0  stm32f1xx_hal_tim.o ABSOLUTE
    ..\Drivers\STM32F1xx_HAL_Driver\Src\stm32f1xx_hal_tim_ex.c 0x00000000   Number         0  stm32f1xx_hal_tim_ex.o ABSOLUTE
    ..\Drivers\STM32F1xx_HAL_Driver\Src\stm32f1xx_hal_uart.c 0x00000000   Number         0  stm32f1xx_hal_uart.o ABSOLUTE
    ..\Src\gpio.c                            0x00000000   Number         0  gpio.o ABSOLUTE
    ..\Src\main.c                            0x00000000   Number         0  main.o ABSOLUTE
    ..\Src\stm32f1xx_hal_msp.c               0x00000000   Number         0  stm32f1xx_hal_msp.o ABSOLUTE
    ..\Src\stm32f1xx_it.c                    0x00000000   Number         0  stm32f1xx_it.o ABSOLUTE
    ..\Src\tim.c                             0x00000000   Number         0  tim.o ABSOLUTE
    ..\Src\usart.c                           0x00000000   Number         0  usart.o ABSOLUTE
    cdrcmple.s                               0x00000000   Number         0  cdrcmple.o ABSOLUTE
    dc.s                                     0x00000000   Number         0  dc.o ABSOLUTE
    handlers.s                               0x00000000   Number         0  handlers.o ABSOLUTE
    init.s                                   0x00000000   Number         0  init.o ABSOLUTE
    startup_stm32f103xb.s                    0x00000000   Number         0  startup_stm32f103xb.o ABSOLUTE
    RESET                                    0x08000000   Section      236  startup_stm32f103xb.o(RESET)
    .ARM.Collect$$$$00000000                 0x080000ec   Section        0  entry.o(.ARM.Collect$$$$00000000)
    .ARM.Collect$$$$00000001                 0x080000ec   Section        4  entry2.o(.ARM.Collect$$$$00000001)
    .ARM.Collect$$$$00000004                 0x080000f0   Section        4  entry5.o(.ARM.Collect$$$$00000004)
    .ARM.Collect$$$$00000008                 0x080000f4   Section        0  entry7b.o(.ARM.Collect$$$$00000008)
    .ARM.Collect$$$$0000000A                 0x080000f4   Section        0  entry8b.o(.ARM.Collect$$$$0000000A)
    .ARM.Collect$$$$0000000B                 0x080000f4   Section        8  entry9a.o(.ARM.Collect$$$$0000000B)
    .ARM.Collect$$$$0000000D                 0x080000fc   Section        0  entry10a.o(.ARM.Collect$$$$0000000D)
    .ARM.Collect$$$$0000000F                 0x080000fc   Section        0  entry11a.o(.ARM.Collect$$$$0000000F)
    .ARM.Collect$$$$00002712                 0x080000fc   Section        4  entry2.o(.ARM.Collect$$$$00002712)
    __lit__00000000                          0x080000fc   Data           4  entry2.o(.ARM.Collect$$$$00002712)
    .text                                    0x08000100   Section       36  startup_stm32f103xb.o(.text)
    .text                                    0x08000124   Section        0  llushr.o(.text)
    .text                                    0x08000144   Section        0  strlen.o(.text)
    .text                                    0x08000152   Section        0  atoi.o(.text)
    .text                                    0x0800016c   Section        0  fmul.o(.text)
    .text                                    0x080001d0   Section        0  fdiv.o(.text)
    .text                                    0x0800024c   Section        0  fflti.o(.text)
    .text                                    0x0800025e   Section        0  ffixi.o(.text)
    .text                                    0x08000290   Section        0  f2d.o(.text)
    .text                                    0x080002b6   Section        0  d2f.o(.text)
    .text                                    0x080002ee   Section        0  uidiv.o(.text)
    .text                                    0x0800031a   Section        0  uldiv.o(.text)
    .text                                    0x0800037c   Section        0  strtod.o(.text)
    _local_sscanf                            0x0800037d   Thumb Code    54  strtod.o(.text)
    .text                                    0x08000418   Section        0  strtol.o(.text)
    .text                                    0x08000488   Section        0  fepilogue.o(.text)
    .text                                    0x08000488   Section        0  iusefp.o(.text)
    .text                                    0x080004f6   Section        0  dadd.o(.text)
    .text                                    0x08000644   Section        0  dmul.o(.text)
    .text                                    0x08000728   Section        0  ddiv.o(.text)
    .text                                    0x08000806   Section        0  dfixul.o(.text)
    .text                                    0x08000838   Section       48  cdrcmple.o(.text)
    .text                                    0x08000868   Section       36  init.o(.text)
    .text                                    0x0800088c   Section        0  llshl.o(.text)
    .text                                    0x080008aa   Section        0  llsshr.o(.text)
    .text                                    0x080008d0   Section        0  ctype_o.o(.text)
    .text                                    0x080008d8   Section        0  isspace_o.o(.text)
    .text                                    0x080008ec   Section        0  scanf_fp.o(.text)
    _fp_value                                0x080008ed   Thumb Code   256  scanf_fp.o(.text)
    .text                                    0x08000c24   Section        0  _sgetc.o(.text)
    .text                                    0x08000c64   Section        0  _strtoul.o(.text)
    .text                                    0x08000d02   Section        0  depilogue.o(.text)
    .text                                    0x08000dbc   Section        0  _chval.o(.text)
    .text                                    0x08000dd8   Section        0  dfltul.o(.text)
    i.BusFault_Handler                       0x08000df0   Section        0  stm32f1xx_it.o(i.BusFault_Handler)
    i.DebugMon_Handler                       0x08000df2   Section        0  stm32f1xx_it.o(i.DebugMon_Handler)
    i.Error_Handler                          0x08000df4   Section        0  main.o(i.Error_Handler)
    i.HAL_Delay                              0x08000df6   Section        0  stm32f1xx_hal.o(i.HAL_Delay)
    i.HAL_GPIO_DeInit                        0x08000e0c   Section        0  stm32f1xx_hal_gpio.o(i.HAL_GPIO_DeInit)
    i.HAL_GPIO_Init                          0x08000f78   Section        0  stm32f1xx_hal_gpio.o(i.HAL_GPIO_Init)
    i.HAL_GPIO_ReadPin                       0x08001290   Section        0  stm32f1xx_hal_gpio.o(i.HAL_GPIO_ReadPin)
    i.HAL_GPIO_WritePin                      0x080012e8   Section        0  stm32f1xx_hal_gpio.o(i.HAL_GPIO_WritePin)
    i.HAL_GetTick                            0x08001354   Section        0  stm32f1xx_hal.o(i.HAL_GetTick)
    i.HAL_IncTick                            0x08001360   Section        0  stm32f1xx_hal.o(i.HAL_IncTick)
    i.HAL_Init                               0x08001370   Section        0  stm32f1xx_hal.o(i.HAL_Init)
    i.HAL_InitTick                           0x08001394   Section        0  stm32f1xx_hal.o(i.HAL_InitTick)
    i.HAL_MspInit                            0x080013b8   Section        0  stm32f1xx_hal_msp.o(i.HAL_MspInit)
    i.HAL_NVIC_DisableIRQ                    0x08001438   Section        0  stm32f1xx_hal_cortex.o(i.HAL_NVIC_DisableIRQ)
    i.HAL_NVIC_EnableIRQ                     0x08001498   Section        0  stm32f1xx_hal_cortex.o(i.HAL_NVIC_EnableIRQ)
    i.HAL_NVIC_SetPriority                   0x080014f8   Section        0  stm32f1xx_hal_cortex.o(i.HAL_NVIC_SetPriority)
    i.HAL_NVIC_SetPriorityGrouping           0x08001598   Section        0  stm32f1xx_hal_cortex.o(i.HAL_NVIC_SetPriorityGrouping)
    i.HAL_RCC_ClockConfig                    0x08001618   Section        0  stm32f1xx_hal_rcc.o(i.HAL_RCC_ClockConfig)
    i.HAL_RCC_GetHCLKFreq                    0x080018a4   Section        0  stm32f1xx_hal_rcc.o(i.HAL_RCC_GetHCLKFreq)
    i.HAL_RCC_GetPCLK1Freq                   0x080018b0   Section        0  stm32f1xx_hal_rcc.o(i.HAL_RCC_GetPCLK1Freq)
    i.HAL_RCC_GetPCLK2Freq                   0x080018e0   Section        0  stm32f1xx_hal_rcc.o(i.HAL_RCC_GetPCLK2Freq)
    i.HAL_RCC_GetSysClockFreq                0x08001910   Section        0  stm32f1xx_hal_rcc.o(i.HAL_RCC_GetSysClockFreq)
    i.HAL_RCC_OscConfig                      0x08001998   Section        0  stm32f1xx_hal_rcc.o(i.HAL_RCC_OscConfig)
    i.HAL_SYSTICK_CLKSourceConfig            0x08002098   Section        0  stm32f1xx_hal_cortex.o(i.HAL_SYSTICK_CLKSourceConfig)
    i.HAL_SYSTICK_Callback                   0x080020fc   Section        0  main.o(i.HAL_SYSTICK_Callback)
    i.HAL_SYSTICK_Config                     0x08002124   Section        0  stm32f1xx_hal_cortex.o(i.HAL_SYSTICK_Config)
    i.HAL_SYSTICK_IRQHandler                 0x0800214c   Section        0  stm32f1xx_hal_cortex.o(i.HAL_SYSTICK_IRQHandler)
    i.HAL_TIMEx_BreakCallback                0x08002154   Section        0  stm32f1xx_hal_tim_ex.o(i.HAL_TIMEx_BreakCallback)
    i.HAL_TIMEx_CommutationCallback          0x08002156   Section        0  stm32f1xx_hal_tim_ex.o(i.HAL_TIMEx_CommutationCallback)
    i.HAL_TIMEx_MasterConfigSynchronization  0x08002158   Section        0  stm32f1xx_hal_tim_ex.o(i.HAL_TIMEx_MasterConfigSynchronization)
    i.HAL_TIMEx_PWMN_Start                   0x08002254   Section        0  stm32f1xx_hal_tim_ex.o(i.HAL_TIMEx_PWMN_Start)
    i.HAL_TIM_Base_Init                      0x080022d8   Section        0  stm32f1xx_hal_tim.o(i.HAL_TIM_Base_Init)
    i.HAL_TIM_Base_MspInit                   0x080023a8   Section        0  tim.o(i.HAL_TIM_Base_MspInit)
    i.HAL_TIM_Base_Start_IT                  0x080023e4   Section        0  stm32f1xx_hal_tim.o(i.HAL_TIM_Base_Start_IT)
    i.HAL_TIM_ConfigClockSource              0x08002468   Section        0  stm32f1xx_hal_tim.o(i.HAL_TIM_ConfigClockSource)
    i.HAL_TIM_Encoder_Init                   0x08002814   Section        0  stm32f1xx_hal_tim.o(i.HAL_TIM_Encoder_Init)
    i.HAL_TIM_Encoder_MspInit                0x080029dc   Section        0  tim.o(i.HAL_TIM_Encoder_MspInit)
    i.HAL_TIM_Encoder_Start_IT               0x08002a20   Section        0  stm32f1xx_hal_tim.o(i.HAL_TIM_Encoder_Start_IT)
    i.HAL_TIM_IC_CaptureCallback             0x08002ae8   Section        0  stm32f1xx_hal_tim.o(i.HAL_TIM_IC_CaptureCallback)
    i.HAL_TIM_IRQHandler                     0x08002aea   Section        0  stm32f1xx_hal_tim.o(i.HAL_TIM_IRQHandler)
    i.HAL_TIM_MspPostInit                    0x08002c50   Section        0  tim.o(i.HAL_TIM_MspPostInit)
    i.HAL_TIM_OC_DelayElapsedCallback        0x08002c88   Section        0  stm32f1xx_hal_tim.o(i.HAL_TIM_OC_DelayElapsedCallback)
    i.HAL_TIM_PWM_ConfigChannel              0x08002c8c   Section        0  stm32f1xx_hal_tim.o(i.HAL_TIM_PWM_ConfigChannel)
    i.HAL_TIM_PWM_Init                       0x08002e7c   Section        0  stm32f1xx_hal_tim.o(i.HAL_TIM_PWM_Init)
    i.HAL_TIM_PWM_MspInit                    0x08002f54   Section        0  tim.o(i.HAL_TIM_PWM_MspInit)
    i.HAL_TIM_PWM_PulseFinishedCallback      0x08002f78   Section        0  stm32f1xx_hal_tim.o(i.HAL_TIM_PWM_PulseFinishedCallback)
    i.HAL_TIM_PWM_Start                      0x08002f7c   Section        0  stm32f1xx_hal_tim.o(i.HAL_TIM_PWM_Start)
    i.HAL_TIM_PeriodElapsedCallback          0x0800303c   Section        0  main.o(i.HAL_TIM_PeriodElapsedCallback)
    i.HAL_TIM_TriggerCallback                0x08003040   Section        0  stm32f1xx_hal_tim.o(i.HAL_TIM_TriggerCallback)
    i.HAL_UART_ErrorCallback                 0x08003042   Section        0  stm32f1xx_hal_uart.o(i.HAL_UART_ErrorCallback)
    i.HAL_UART_IRQHandler                    0x08003044   Section        0  stm32f1xx_hal_uart.o(i.HAL_UART_IRQHandler)
    i.HAL_UART_Init                          0x08003120   Section        0  stm32f1xx_hal_uart.o(i.HAL_UART_Init)
    i.HAL_UART_MspDeInit                     0x08003240   Section        0  usart.o(i.HAL_UART_MspDeInit)
    i.HAL_UART_MspInit                       0x08003278   Section        0  usart.o(i.HAL_UART_MspInit)
    i.HAL_UART_Receive_IT                    0x080032e0   Section        0  stm32f1xx_hal_uart.o(i.HAL_UART_Receive_IT)
    i.HAL_UART_RxCpltCallback                0x0800334c   Section        0  main.o(i.HAL_UART_RxCpltCallback)
    i.HAL_UART_Transmit                      0x080033a4   Section        0  stm32f1xx_hal_uart.o(i.HAL_UART_Transmit)
    i.HAL_UART_TxCpltCallback                0x08003470   Section        0  stm32f1xx_hal_uart.o(i.HAL_UART_TxCpltCallback)
    i.HardFault_Handler                      0x08003472   Section        0  stm32f1xx_it.o(i.HardFault_Handler)
    i.MX_GPIO_Init                           0x08003474   Section        0  gpio.o(i.MX_GPIO_Init)
    i.MX_TIM2_Init                           0x08003564   Section        0  tim.o(i.MX_TIM2_Init)
    i.MX_TIM3_Init                           0x080035c4   Section        0  tim.o(i.MX_TIM3_Init)
    i.MX_TIM4_Init                           0x08003620   Section        0  tim.o(i.MX_TIM4_Init)
    i.MX_USART1_UART_Init                    0x08003678   Section        0  usart.o(i.MX_USART1_UART_Init)
    i.MemManage_Handler                      0x080036b0   Section        0  stm32f1xx_it.o(i.MemManage_Handler)
    i.Motor_Position                         0x080036b4   Section        0  main.o(i.Motor_Position)
    i.NMI_Handler                            0x08003738   Section        0  stm32f1xx_it.o(i.NMI_Handler)
    i.NVIC_SetPriority                       0x0800373a   Section        0  stm32f1xx_hal_cortex.o(i.NVIC_SetPriority)
    NVIC_SetPriority                         0x0800373b   Thumb Code    32  stm32f1xx_hal_cortex.o(i.NVIC_SetPriority)
    i.PendSV_Handler                         0x0800375a   Section        0  stm32f1xx_it.o(i.PendSV_Handler)
    i.Run_step_motor                         0x0800375c   Section        0  main.o(i.Run_step_motor)
    i.SVC_Handler                            0x080037c0   Section        0  stm32f1xx_it.o(i.SVC_Handler)
    i.SysTick_Handler                        0x080037c2   Section        0  stm32f1xx_it.o(i.SysTick_Handler)
    i.SystemClock_Config                     0x080037d0   Section        0  main.o(i.SystemClock_Config)
    i.SystemInit                             0x08003838   Section        0  system_stm32f1xx.o(i.SystemInit)
    i.TIM4_IRQHandler                        0x08003880   Section        0  stm32f1xx_it.o(i.TIM4_IRQHandler)
    i.TIM_Base_SetConfig                     0x0800388c   Section        0  stm32f1xx_hal_tim.o(i.TIM_Base_SetConfig)
    i.TIM_CCxChannelCmd                      0x080038f0   Section        0  stm32f1xx_hal_tim.o(i.TIM_CCxChannelCmd)
    i.TIM_CCxNChannelCmd                     0x08003990   Section        0  stm32f1xx_hal_tim_ex.o(i.TIM_CCxNChannelCmd)
    TIM_CCxNChannelCmd                       0x08003991   Thumb Code    22  stm32f1xx_hal_tim_ex.o(i.TIM_CCxNChannelCmd)
    i.TIM_ETR_SetConfig                      0x080039a6   Section        0  stm32f1xx_hal_tim.o(i.TIM_ETR_SetConfig)
    TIM_ETR_SetConfig                        0x080039a7   Thumb Code    20  stm32f1xx_hal_tim.o(i.TIM_ETR_SetConfig)
    i.TIM_ITRx_SetConfig                     0x080039ba   Section        0  stm32f1xx_hal_tim.o(i.TIM_ITRx_SetConfig)
    TIM_ITRx_SetConfig                       0x080039bb   Thumb Code    16  stm32f1xx_hal_tim.o(i.TIM_ITRx_SetConfig)
    i.TIM_OC1_SetConfig                      0x080039cc   Section        0  stm32f1xx_hal_tim.o(i.TIM_OC1_SetConfig)
    TIM_OC1_SetConfig                        0x080039cd   Thumb Code   144  stm32f1xx_hal_tim.o(i.TIM_OC1_SetConfig)
    i.TIM_OC2_SetConfig                      0x08003a98   Section        0  stm32f1xx_hal_tim.o(i.TIM_OC2_SetConfig)
    i.TIM_OC3_SetConfig                      0x08003b6c   Section        0  stm32f1xx_hal_tim.o(i.TIM_OC3_SetConfig)
    TIM_OC3_SetConfig                        0x08003b6d   Thumb Code   152  stm32f1xx_hal_tim.o(i.TIM_OC3_SetConfig)
    i.TIM_OC4_SetConfig                      0x08003c40   Section        0  stm32f1xx_hal_tim.o(i.TIM_OC4_SetConfig)
    TIM_OC4_SetConfig                        0x08003c41   Thumb Code    94  stm32f1xx_hal_tim.o(i.TIM_OC4_SetConfig)
    i.TIM_TI1_ConfigInputStage               0x08003cdc   Section        0  stm32f1xx_hal_tim.o(i.TIM_TI1_ConfigInputStage)
    TIM_TI1_ConfigInputStage                 0x08003cdd   Thumb Code    34  stm32f1xx_hal_tim.o(i.TIM_TI1_ConfigInputStage)
    i.TIM_TI2_ConfigInputStage               0x08003cfe   Section        0  stm32f1xx_hal_tim.o(i.TIM_TI2_ConfigInputStage)
    TIM_TI2_ConfigInputStage                 0x08003cff   Thumb Code    36  stm32f1xx_hal_tim.o(i.TIM_TI2_ConfigInputStage)
    i.UART_Receive_IT                        0x08003d24   Section        0  stm32f1xx_hal_uart.o(i.UART_Receive_IT)
    UART_Receive_IT                          0x08003d25   Thumb Code   168  stm32f1xx_hal_uart.o(i.UART_Receive_IT)
    i.UART_SetConfig                         0x08003dcc   Section        0  stm32f1xx_hal_uart.o(i.UART_SetConfig)
    UART_SetConfig                           0x08003dcd   Thumb Code   448  stm32f1xx_hal_uart.o(i.UART_SetConfig)
    i.UART_Transmit_IT                       0x08003fd0   Section        0  stm32f1xx_hal_uart.o(i.UART_Transmit_IT)
    UART_Transmit_IT                         0x08003fd1   Thumb Code   102  stm32f1xx_hal_uart.o(i.UART_Transmit_IT)
    i.UART_WaitOnFlagUntilTimeout            0x08004036   Section        0  stm32f1xx_hal_uart.o(i.UART_WaitOnFlagUntilTimeout)
    UART_WaitOnFlagUntilTimeout              0x08004037   Thumb Code   146  stm32f1xx_hal_uart.o(i.UART_WaitOnFlagUntilTimeout)
    i.USART1_IRQHandler                      0x080040c8   Section        0  stm32f1xx_it.o(i.USART1_IRQHandler)
    i.UsageFault_Handler                     0x080040d4   Section        0  stm32f1xx_it.o(i.UsageFault_Handler)
    i.__0printf                              0x080040d8   Section        0  printfa.o(i.__0printf)
    i.__aeabi_errno_addr                     0x080040f8   Section        0  errno.o(i.__aeabi_errno_addr)
    i.__read_errno                           0x08004100   Section        0  errno.o(i.__read_errno)
    i.__scatterload_copy                     0x0800410c   Section       14  handlers.o(i.__scatterload_copy)
    i.__scatterload_null                     0x0800411a   Section        2  handlers.o(i.__scatterload_null)
    i.__scatterload_zeroinit                 0x0800411c   Section       14  handlers.o(i.__scatterload_zeroinit)
    i.__set_errno                            0x0800412c   Section        0  errno.o(i.__set_errno)
    i._fp_digits                             0x08004138   Section        0  printfa.o(i._fp_digits)
    _fp_digits                               0x08004139   Thumb Code   334  printfa.o(i._fp_digits)
    i._is_digit                              0x0800429c   Section        0  scanf_fp.o(i._is_digit)
    i._printf_core                           0x080042ac   Section        0  printfa.o(i._printf_core)
    _printf_core                             0x080042ad   Thumb Code  1744  printfa.o(i._printf_core)
    i._printf_post_padding                   0x08004988   Section        0  printfa.o(i._printf_post_padding)
    _printf_post_padding                     0x08004989   Thumb Code    36  printfa.o(i._printf_post_padding)
    i._printf_pre_padding                    0x080049ac   Section        0  printfa.o(i._printf_pre_padding)
    _printf_pre_padding                      0x080049ad   Thumb Code    46  printfa.o(i._printf_pre_padding)
    i.assert_failed                          0x080049da   Section        0  main.o(i.assert_failed)
    i.atof                                   0x080049dc   Section        0  atof.o(i.atof)
    i.control_motor_program                  0x08004a08   Section        0  main.o(i.control_motor_program)
    i.conver_distance_to_pluse               0x08004a68   Section        0  main.o(i.conver_distance_to_pluse)
    i.fputc                                  0x08004a88   Section        0  main.o(i.fputc)
    i.machine_state                          0x08004abc   Section        0  main.o(i.machine_state)
    i.main                                   0x08004c34   Section        0  main.o(i.main)
    i.process_data_recive                    0x08004d14   Section        0  main.o(i.process_data_recive)
    i.process_pluse                          0x08004fac   Section        0  main.o(i.process_pluse)
    i.requset_machine_state                  0x08004fdc   Section        0  main.o(i.requset_machine_state)
    i.reset_encoder                          0x08005128   Section        0  main.o(i.reset_encoder)
    i.reset_system                           0x0800514c   Section        0  main.o(i.reset_system)
    i.update_new_setpoint_new_speed          0x08005184   Section        0  main.o(i.update_new_setpoint_new_speed)
    .constdata                               0x08005230   Section       16  system_stm32f1xx.o(.constdata)
    .constdata                               0x08005240   Section        8  system_stm32f1xx.o(.constdata)
    .constdata                               0x08005248   Section      129  ctype_o.o(.constdata)
    .constdata                               0x080052cc   Section        4  ctype_o.o(.constdata)
    table                                    0x080052cc   Data           4  ctype_o.o(.constdata)
    .data                                    0x20000000   Section        4  system_stm32f1xx.o(.data)
    .data                                    0x20000004   Section      140  main.o(.data)
    .data                                    0x20000090   Section        4  stm32f1xx_hal.o(.data)
    uwTick                                   0x20000090   Data           4  stm32f1xx_hal.o(.data)
    .data                                    0x20000094   Section        4  stdout.o(.data)
    .data                                    0x20000098   Section        4  errno.o(.data)
    _errno                                   0x20000098   Data           4  errno.o(.data)
    .bss                                     0x2000009c   Section      188  main.o(.bss)
    .bss                                     0x20000158   Section      180  tim.o(.bss)
    .bss                                     0x2000020c   Section       64  usart.o(.bss)
    STACK                                    0x20000250   Section     1024  startup_stm32f103xb.o(STACK)

    Global Symbols

    Symbol Name                              Value     Ov Type        Size  Object(Section)

    BuildAttributes$$THM_ISAv4$P$D$K$B$S$PE$A:L22UL41UL21$X:L11$S22US41US21$IEEE1$IW$USESV6$~STKCKD$USESV7$~SHL$OTIME$ROPI$IEEEJ$EBA8$MICROLIB$REQ8$PRES8$EABIv2 0x00000000   Number         0  anon$$obj.o ABSOLUTE
    __ARM_use_no_argv                        0x00000000   Number         0  main.o ABSOLUTE
    _printf_a                                0x00000000   Number         0  stubs.o ABSOLUTE
    _printf_c                                0x00000000   Number         0  stubs.o ABSOLUTE
    _printf_charcount                        0x00000000   Number         0  stubs.o ABSOLUTE
    _printf_d                                0x00000000   Number         0  stubs.o ABSOLUTE
    _printf_e                                0x00000000   Number         0  stubs.o ABSOLUTE
    _printf_f                                0x00000000   Number         0  stubs.o ABSOLUTE
    _printf_flags                            0x00000000   Number         0  stubs.o ABSOLUTE
    _printf_fp_dec                           0x00000000   Number         0  stubs.o ABSOLUTE
    _printf_fp_hex                           0x00000000   Number         0  stubs.o ABSOLUTE
    _printf_g                                0x00000000   Number         0  stubs.o ABSOLUTE
    _printf_i                                0x00000000   Number         0  stubs.o ABSOLUTE
    _printf_int_dec                          0x00000000   Number         0  stubs.o ABSOLUTE
    _printf_l                                0x00000000   Number         0  stubs.o ABSOLUTE
    _printf_lc                               0x00000000   Number         0  stubs.o ABSOLUTE
    _printf_ll                               0x00000000   Number         0  stubs.o ABSOLUTE
    _printf_lld                              0x00000000   Number         0  stubs.o ABSOLUTE
    _printf_lli                              0x00000000   Number         0  stubs.o ABSOLUTE
    _printf_llo                              0x00000000   Number         0  stubs.o ABSOLUTE
    _printf_llu                              0x00000000   Number         0  stubs.o ABSOLUTE
    _printf_llx                              0x00000000   Number         0  stubs.o ABSOLUTE
    _printf_longlong_dec                     0x00000000   Number         0  stubs.o ABSOLUTE
    _printf_longlong_hex                     0x00000000   Number         0  stubs.o ABSOLUTE
    _printf_longlong_oct                     0x00000000   Number         0  stubs.o ABSOLUTE
    _printf_ls                               0x00000000   Number         0  stubs.o ABSOLUTE
    _printf_mbtowc                           0x00000000   Number         0  stubs.o ABSOLUTE
    _printf_n                                0x00000000   Number         0  stubs.o ABSOLUTE
    _printf_o                                0x00000000   Number         0  stubs.o ABSOLUTE
    _printf_p                                0x00000000   Number         0  stubs.o ABSOLUTE
    _printf_percent                          0x00000000   Number         0  stubs.o ABSOLUTE
    _printf_pre_padding                      0x00000000   Number         0  stubs.o ABSOLUTE
    _printf_return_value                     0x00000000   Number         0  stubs.o ABSOLUTE
    _printf_s                                0x00000000   Number         0  stubs.o ABSOLUTE
    _printf_sizespec                         0x00000000   Number         0  stubs.o ABSOLUTE
    _printf_str                              0x00000000   Number         0  stubs.o ABSOLUTE
    _printf_truncate_signed                  0x00000000   Number         0  stubs.o ABSOLUTE
    _printf_truncate_unsigned                0x00000000   Number         0  stubs.o ABSOLUTE
    _printf_u                                0x00000000   Number         0  stubs.o ABSOLUTE
    _printf_wc                               0x00000000   Number         0  stubs.o ABSOLUTE
    _printf_wctomb                           0x00000000   Number         0  stubs.o ABSOLUTE
    _printf_widthprec                        0x00000000   Number         0  stubs.o ABSOLUTE
    _printf_x                                0x00000000   Number         0  stubs.o ABSOLUTE
    __cpp_initialize__aeabi_                  - Undefined Weak Reference
    __cxa_finalize                            - Undefined Weak Reference
    __decompress                              - Undefined Weak Reference
    _clock_init                               - Undefined Weak Reference
    _microlib_exit                            - Undefined Weak Reference
    __Vectors_Size                           0x000000ec   Number         0  startup_stm32f103xb.o ABSOLUTE
    __Vectors                                0x08000000   Data           4  startup_stm32f103xb.o(RESET)
    __Vectors_End                            0x080000ec   Data           0  startup_stm32f103xb.o(RESET)
    __main                                   0x080000ed   Thumb Code     0  entry.o(.ARM.Collect$$$$00000000)
    _main_stk                                0x080000ed   Thumb Code     0  entry2.o(.ARM.Collect$$$$00000001)
    _main_scatterload                        0x080000f1   Thumb Code     0  entry5.o(.ARM.Collect$$$$00000004)
    __main_after_scatterload                 0x080000f5   Thumb Code     0  entry5.o(.ARM.Collect$$$$00000004)
    _main_clock                              0x080000f5   Thumb Code     0  entry7b.o(.ARM.Collect$$$$00000008)
    _main_cpp_init                           0x080000f5   Thumb Code     0  entry8b.o(.ARM.Collect$$$$0000000A)
    _main_init                               0x080000f5   Thumb Code     0  entry9a.o(.ARM.Collect$$$$0000000B)
    __rt_final_cpp                           0x080000fd   Thumb Code     0  entry10a.o(.ARM.Collect$$$$0000000D)
    __rt_final_exit                          0x080000fd   Thumb Code     0  entry11a.o(.ARM.Collect$$$$0000000F)
    Reset_Handler                            0x08000101   Thumb Code     8  startup_stm32f103xb.o(.text)
    ADC1_2_IRQHandler                        0x0800011b   Thumb Code     0  startup_stm32f103xb.o(.text)
    CAN1_RX1_IRQHandler                      0x0800011b   Thumb Code     0  startup_stm32f103xb.o(.text)
    CAN1_SCE_IRQHandler                      0x0800011b   Thumb Code     0  startup_stm32f103xb.o(.text)
    DMA1_Channel1_IRQHandler                 0x0800011b   Thumb Code     0  startup_stm32f103xb.o(.text)
    DMA1_Channel2_IRQHandler                 0x0800011b   Thumb Code     0  startup_stm32f103xb.o(.text)
    DMA1_Channel3_IRQHandler                 0x0800011b   Thumb Code     0  startup_stm32f103xb.o(.text)
    DMA1_Channel4_IRQHandler                 0x0800011b   Thumb Code     0  startup_stm32f103xb.o(.text)
    DMA1_Channel5_IRQHandler                 0x0800011b   Thumb Code     0  startup_stm32f103xb.o(.text)
    DMA1_Channel6_IRQHandler                 0x0800011b   Thumb Code     0  startup_stm32f103xb.o(.text)
    DMA1_Channel7_IRQHandler                 0x0800011b   Thumb Code     0  startup_stm32f103xb.o(.text)
    EXTI0_IRQHandler                         0x0800011b   Thumb Code     0  startup_stm32f103xb.o(.text)
    EXTI15_10_IRQHandler                     0x0800011b   Thumb Code     0  startup_stm32f103xb.o(.text)
    EXTI1_IRQHandler                         0x0800011b   Thumb Code     0  startup_stm32f103xb.o(.text)
    EXTI2_IRQHandler                         0x0800011b   Thumb Code     0  startup_stm32f103xb.o(.text)
    EXTI3_IRQHandler                         0x0800011b   Thumb Code     0  startup_stm32f103xb.o(.text)
    EXTI4_IRQHandler                         0x0800011b   Thumb Code     0  startup_stm32f103xb.o(.text)
    EXTI9_5_IRQHandler                       0x0800011b   Thumb Code     0  startup_stm32f103xb.o(.text)
    FLASH_IRQHandler                         0x0800011b   Thumb Code     0  startup_stm32f103xb.o(.text)
    I2C1_ER_IRQHandler                       0x0800011b   Thumb Code     0  startup_stm32f103xb.o(.text)
    I2C1_EV_IRQHandler                       0x0800011b   Thumb Code     0  startup_stm32f103xb.o(.text)
    I2C2_ER_IRQHandler                       0x0800011b   Thumb Code     0  startup_stm32f103xb.o(.text)
    I2C2_EV_IRQHandler                       0x0800011b   Thumb Code     0  startup_stm32f103xb.o(.text)
    PVD_IRQHandler                           0x0800011b   Thumb Code     0  startup_stm32f103xb.o(.text)
    RCC_IRQHandler                           0x0800011b   Thumb Code     0  startup_stm32f103xb.o(.text)
    RTC_Alarm_IRQHandler                     0x0800011b   Thumb Code     0  startup_stm32f103xb.o(.text)
    RTC_IRQHandler                           0x0800011b   Thumb Code     0  startup_stm32f103xb.o(.text)
    SPI1_IRQHandler                          0x0800011b   Thumb Code     0  startup_stm32f103xb.o(.text)
    SPI2_IRQHandler                          0x0800011b   Thumb Code     0  startup_stm32f103xb.o(.text)
    TAMPER_IRQHandler                        0x0800011b   Thumb Code     0  startup_stm32f103xb.o(.text)
    TIM1_BRK_IRQHandler                      0x0800011b   Thumb Code     0  startup_stm32f103xb.o(.text)
    TIM1_CC_IRQHandler                       0x0800011b   Thumb Code     0  startup_stm32f103xb.o(.text)
    TIM1_TRG_COM_IRQHandler                  0x0800011b   Thumb Code     0  startup_stm32f103xb.o(.text)
    TIM1_UP_IRQHandler                       0x0800011b   Thumb Code     0  startup_stm32f103xb.o(.text)
    TIM2_IRQHandler                          0x0800011b   Thumb Code     0  startup_stm32f103xb.o(.text)
    TIM3_IRQHandler                          0x0800011b   Thumb Code     0  startup_stm32f103xb.o(.text)
    USART2_IRQHandler                        0x0800011b   Thumb Code     0  startup_stm32f103xb.o(.text)
    USART3_IRQHandler                        0x0800011b   Thumb Code     0  startup_stm32f103xb.o(.text)
    USBWakeUp_IRQHandler                     0x0800011b   Thumb Code     0  startup_stm32f103xb.o(.text)
    USB_HP_CAN1_TX_IRQHandler                0x0800011b   Thumb Code     0  startup_stm32f103xb.o(.text)
    USB_LP_CAN1_RX0_IRQHandler               0x0800011b   Thumb Code     0  startup_stm32f103xb.o(.text)
    WWDG_IRQHandler                          0x0800011b   Thumb Code     0  startup_stm32f103xb.o(.text)
    __aeabi_llsr                             0x08000125   Thumb Code    32  llushr.o(.text)
    _ll_ushift_r                             0x08000125   Thumb Code     0  llushr.o(.text)
    strlen                                   0x08000145   Thumb Code    14  strlen.o(.text)
    atoi                                     0x08000153   Thumb Code    26  atoi.o(.text)
    __aeabi_fmul                             0x0800016d   Thumb Code   100  fmul.o(.text)
    __aeabi_fdiv                             0x080001d1   Thumb Code   124  fdiv.o(.text)
    __aeabi_i2f                              0x0800024d   Thumb Code    18  fflti.o(.text)
    __aeabi_f2iz                             0x0800025f   Thumb Code    50  ffixi.o(.text)
    __aeabi_f2d                              0x08000291   Thumb Code    38  f2d.o(.text)
    __aeabi_d2f                              0x080002b7   Thumb Code    56  d2f.o(.text)
    __aeabi_uidiv                            0x080002ef   Thumb Code     0  uidiv.o(.text)
    __aeabi_uidivmod                         0x080002ef   Thumb Code    44  uidiv.o(.text)
    __aeabi_uldivmod                         0x0800031b   Thumb Code    98  uldiv.o(.text)
    __strtod_int                             0x080003b3   Thumb Code    88  strtod.o(.text)
    strtol                                   0x08000419   Thumb Code   112  strtol.o(.text)
    __I$use$fp                               0x08000489   Thumb Code     0  iusefp.o(.text)
    _float_round                             0x08000489   Thumb Code    18  fepilogue.o(.text)
    _float_epilogue                          0x0800049b   Thumb Code    92  fepilogue.o(.text)
    __aeabi_dadd                             0x080004f7   Thumb Code   322  dadd.o(.text)
    __aeabi_dsub                             0x08000639   Thumb Code     6  dadd.o(.text)
    __aeabi_drsub                            0x0800063f   Thumb Code     6  dadd.o(.text)
    __aeabi_dmul                             0x08000645   Thumb Code   228  dmul.o(.text)
    __aeabi_ddiv                             0x08000729   Thumb Code   222  ddiv.o(.text)
    __aeabi_d2ulz                            0x08000807   Thumb Code    48  dfixul.o(.text)
    __aeabi_cdrcmple                         0x08000839   Thumb Code    48  cdrcmple.o(.text)
    __scatterload                            0x08000869   Thumb Code    28  init.o(.text)
    __scatterload_rt2                        0x08000869   Thumb Code     0  init.o(.text)
    __aeabi_llsl                             0x0800088d   Thumb Code    30  llshl.o(.text)
    _ll_shift_l                              0x0800088d   Thumb Code     0  llshl.o(.text)
    __aeabi_lasr                             0x080008ab   Thumb Code    36  llsshr.o(.text)
    _ll_sshift_r                             0x080008ab   Thumb Code     0  llsshr.o(.text)
    __rt_ctype_table                         0x080008d1   Thumb Code     4  ctype_o.o(.text)
    isspace                                  0x080008d9   Thumb Code    18  isspace_o.o(.text)
    _scanf_real                              0x080009ed   Thumb Code     0  scanf_fp.o(.text)
    _scanf_really_real                       0x080009ed   Thumb Code   556  scanf_fp.o(.text)
    _sgetc                                   0x08000c25   Thumb Code    30  _sgetc.o(.text)
    _sbackspace                              0x08000c43   Thumb Code    34  _sgetc.o(.text)
    _strtoul                                 0x08000c65   Thumb Code   158  _strtoul.o(.text)
    _double_round                            0x08000d03   Thumb Code    30  depilogue.o(.text)
    _double_epilogue                         0x08000d21   Thumb Code   156  depilogue.o(.text)
    _chval                                   0x08000dbd   Thumb Code    28  _chval.o(.text)
    __aeabi_ul2d                             0x08000dd9   Thumb Code    24  dfltul.o(.text)
    BusFault_Handler                         0x08000df1   Thumb Code     2  stm32f1xx_it.o(i.BusFault_Handler)
    DebugMon_Handler                         0x08000df3   Thumb Code     2  stm32f1xx_it.o(i.DebugMon_Handler)
    Error_Handler                            0x08000df5   Thumb Code     2  main.o(i.Error_Handler)
    HAL_Delay                                0x08000df7   Thumb Code    22  stm32f1xx_hal.o(i.HAL_Delay)
    HAL_GPIO_DeInit                          0x08000e0d   Thumb Code   274  stm32f1xx_hal_gpio.o(i.HAL_GPIO_DeInit)
    HAL_GPIO_Init                            0x08000f79   Thumb Code   664  stm32f1xx_hal_gpio.o(i.HAL_GPIO_Init)
    HAL_GPIO_ReadPin                         0x08001291   Thumb Code    28  stm32f1xx_hal_gpio.o(i.HAL_GPIO_ReadPin)
    HAL_GPIO_WritePin                        0x080012e9   Thumb Code    46  stm32f1xx_hal_gpio.o(i.HAL_GPIO_WritePin)
    HAL_GetTick                              0x08001355   Thumb Code     6  stm32f1xx_hal.o(i.HAL_GetTick)
    HAL_IncTick                              0x08001361   Thumb Code    10  stm32f1xx_hal.o(i.HAL_IncTick)
    HAL_Init                                 0x08001371   Thumb Code    32  stm32f1xx_hal.o(i.HAL_Init)
    HAL_InitTick                             0x08001395   Thumb Code    34  stm32f1xx_hal.o(i.HAL_InitTick)
    HAL_MspInit                              0x080013b9   Thumb Code   118  stm32f1xx_hal_msp.o(i.HAL_MspInit)
    HAL_NVIC_DisableIRQ                      0x08001439   Thumb Code    36  stm32f1xx_hal_cortex.o(i.HAL_NVIC_DisableIRQ)
    HAL_NVIC_EnableIRQ                       0x08001499   Thumb Code    36  stm32f1xx_hal_cortex.o(i.HAL_NVIC_EnableIRQ)
    HAL_NVIC_SetPriority                     0x080014f9   Thumb Code    94  stm32f1xx_hal_cortex.o(i.HAL_NVIC_SetPriority)
    HAL_NVIC_SetPriorityGrouping             0x08001599   Thumb Code    58  stm32f1xx_hal_cortex.o(i.HAL_NVIC_SetPriorityGrouping)
    HAL_RCC_ClockConfig                      0x08001619   Thumb Code   578  stm32f1xx_hal_rcc.o(i.HAL_RCC_ClockConfig)
    HAL_RCC_GetHCLKFreq                      0x080018a5   Thumb Code     6  stm32f1xx_hal_rcc.o(i.HAL_RCC_GetHCLKFreq)
    HAL_RCC_GetPCLK1Freq                     0x080018b1   Thumb Code    34  stm32f1xx_hal_rcc.o(i.HAL_RCC_GetPCLK1Freq)
    HAL_RCC_GetPCLK2Freq                     0x080018e1   Thumb Code    34  stm32f1xx_hal_rcc.o(i.HAL_RCC_GetPCLK2Freq)
    HAL_RCC_GetSysClockFreq                  0x08001911   Thumb Code   102  stm32f1xx_hal_rcc.o(i.HAL_RCC_GetSysClockFreq)
    HAL_RCC_OscConfig                        0x08001999   Thumb Code  1786  stm32f1xx_hal_rcc.o(i.HAL_RCC_OscConfig)
    HAL_SYSTICK_CLKSourceConfig              0x08002099   Thumb Code    40  stm32f1xx_hal_cortex.o(i.HAL_SYSTICK_CLKSourceConfig)
    HAL_SYSTICK_Callback                     0x080020fd   Thumb Code    32  main.o(i.HAL_SYSTICK_Callback)
    HAL_SYSTICK_Config                       0x08002125   Thumb Code    40  stm32f1xx_hal_cortex.o(i.HAL_SYSTICK_Config)
    HAL_SYSTICK_IRQHandler                   0x0800214d   Thumb Code     8  stm32f1xx_hal_cortex.o(i.HAL_SYSTICK_IRQHandler)
    HAL_TIMEx_BreakCallback                  0x08002155   Thumb Code     2  stm32f1xx_hal_tim_ex.o(i.HAL_TIMEx_BreakCallback)
    HAL_TIMEx_CommutationCallback            0x08002157   Thumb Code     2  stm32f1xx_hal_tim_ex.o(i.HAL_TIMEx_CommutationCallback)
    HAL_TIMEx_MasterConfigSynchronization    0x08002159   Thumb Code   178  stm32f1xx_hal_tim_ex.o(i.HAL_TIMEx_MasterConfigSynchronization)
    HAL_TIMEx_PWMN_Start                     0x08002255   Thumb Code    68  stm32f1xx_hal_tim_ex.o(i.HAL_TIMEx_PWMN_Start)
    HAL_TIM_Base_Init                        0x080022d9   Thumb Code   140  stm32f1xx_hal_tim.o(i.HAL_TIM_Base_Init)
    HAL_TIM_Base_MspInit                     0x080023a9   Thumb Code    50  tim.o(i.HAL_TIM_Base_MspInit)
    HAL_TIM_Base_Start_IT                    0x080023e5   Thumb Code    64  stm32f1xx_hal_tim.o(i.HAL_TIM_Base_Start_IT)
    HAL_TIM_ConfigClockSource                0x08002469   Thumb Code   872  stm32f1xx_hal_tim.o(i.HAL_TIM_ConfigClockSource)
    HAL_TIM_Encoder_Init                     0x08002815   Thumb Code   388  stm32f1xx_hal_tim.o(i.HAL_TIM_Encoder_Init)
    HAL_TIM_Encoder_MspInit                  0x080029dd   Thumb Code    54  tim.o(i.HAL_TIM_Encoder_MspInit)
    HAL_TIM_Encoder_Start_IT                 0x08002a21   Thumb Code   132  stm32f1xx_hal_tim.o(i.HAL_TIM_Encoder_Start_IT)
    HAL_TIM_IC_CaptureCallback               0x08002ae9   Thumb Code     2  stm32f1xx_hal_tim.o(i.HAL_TIM_IC_CaptureCallback)
    HAL_TIM_IRQHandler                       0x08002aeb   Thumb Code   358  stm32f1xx_hal_tim.o(i.HAL_TIM_IRQHandler)
    HAL_TIM_MspPostInit                      0x08002c51   Thumb Code    46  tim.o(i.HAL_TIM_MspPostInit)
    HAL_TIM_OC_DelayElapsedCallback          0x08002c89   Thumb Code     2  stm32f1xx_hal_tim.o(i.HAL_TIM_OC_DelayElapsedCallback)
    HAL_TIM_PWM_ConfigChannel                0x08002c8d   Thumb Code   428  stm32f1xx_hal_tim.o(i.HAL_TIM_PWM_ConfigChannel)
    HAL_TIM_PWM_Init                         0x08002e7d   Thumb Code   146  stm32f1xx_hal_tim.o(i.HAL_TIM_PWM_Init)
    HAL_TIM_PWM_MspInit                      0x08002f55   Thumb Code    30  tim.o(i.HAL_TIM_PWM_MspInit)
    HAL_TIM_PWM_PulseFinishedCallback        0x08002f79   Thumb Code     2  stm32f1xx_hal_tim.o(i.HAL_TIM_PWM_PulseFinishedCallback)
    HAL_TIM_PWM_Start                        0x08002f7d   Thumb Code   122  stm32f1xx_hal_tim.o(i.HAL_TIM_PWM_Start)
    HAL_TIM_PeriodElapsedCallback            0x0800303d   Thumb Code     4  main.o(i.HAL_TIM_PeriodElapsedCallback)
    HAL_TIM_TriggerCallback                  0x08003041   Thumb Code     2  stm32f1xx_hal_tim.o(i.HAL_TIM_TriggerCallback)
    HAL_UART_ErrorCallback                   0x08003043   Thumb Code     2  stm32f1xx_hal_uart.o(i.HAL_UART_ErrorCallback)
    HAL_UART_IRQHandler                      0x08003045   Thumb Code   218  stm32f1xx_hal_uart.o(i.HAL_UART_IRQHandler)
    HAL_UART_Init                            0x08003121   Thumb Code   214  stm32f1xx_hal_uart.o(i.HAL_UART_Init)
    HAL_UART_MspDeInit                       0x08003241   Thumb Code    42  usart.o(i.HAL_UART_MspDeInit)
    HAL_UART_MspInit                         0x08003279   Thumb Code    92  usart.o(i.HAL_UART_MspInit)
    HAL_UART_Receive_IT                      0x080032e1   Thumb Code   106  stm32f1xx_hal_uart.o(i.HAL_UART_Receive_IT)
    HAL_UART_RxCpltCallback                  0x0800334d   Thumb Code    70  main.o(i.HAL_UART_RxCpltCallback)
    HAL_UART_Transmit                        0x080033a5   Thumb Code   204  stm32f1xx_hal_uart.o(i.HAL_UART_Transmit)
    HAL_UART_TxCpltCallback                  0x08003471   Thumb Code     2  stm32f1xx_hal_uart.o(i.HAL_UART_TxCpltCallback)
    HardFault_Handler                        0x08003473   Thumb Code     2  stm32f1xx_it.o(i.HardFault_Handler)
    MX_GPIO_Init                             0x08003475   Thumb Code   224  gpio.o(i.MX_GPIO_Init)
    MX_TIM2_Init                             0x08003565   Thumb Code    90  tim.o(i.MX_TIM2_Init)
    MX_TIM3_Init                             0x080035c5   Thumb Code    84  tim.o(i.MX_TIM3_Init)
    MX_TIM4_Init                             0x08003621   Thumb Code    78  tim.o(i.MX_TIM4_Init)
    MX_USART1_UART_Init                      0x08003679   Thumb Code    48  usart.o(i.MX_USART1_UART_Init)
    MemManage_Handler                        0x080036b1   Thumb Code     2  stm32f1xx_it.o(i.MemManage_Handler)
    Motor_Position                           0x080036b5   Thumb Code   114  main.o(i.Motor_Position)
    NMI_Handler                              0x08003739   Thumb Code     2  stm32f1xx_it.o(i.NMI_Handler)
    PendSV_Handler                           0x0800375b   Thumb Code     2  stm32f1xx_it.o(i.PendSV_Handler)
    Run_step_motor                           0x0800375d   Thumb Code    88  main.o(i.Run_step_motor)
    SVC_Handler                              0x080037c1   Thumb Code     2  stm32f1xx_it.o(i.SVC_Handler)
    SysTick_Handler                          0x080037c3   Thumb Code    14  stm32f1xx_it.o(i.SysTick_Handler)
    SystemClock_Config                       0x080037d1   Thumb Code   102  main.o(i.SystemClock_Config)
    SystemInit                               0x08003839   Thumb Code    56  system_stm32f1xx.o(i.SystemInit)
    TIM4_IRQHandler                          0x08003881   Thumb Code     6  stm32f1xx_it.o(i.TIM4_IRQHandler)
    TIM_Base_SetConfig                       0x0800388d   Thumb Code    86  stm32f1xx_hal_tim.o(i.TIM_Base_SetConfig)
    TIM_CCxChannelCmd                        0x080038f1   Thumb Code    90  stm32f1xx_hal_tim.o(i.TIM_CCxChannelCmd)
    TIM_OC2_SetConfig                        0x08003a99   Thumb Code   152  stm32f1xx_hal_tim.o(i.TIM_OC2_SetConfig)
    USART1_IRQHandler                        0x080040c9   Thumb Code     6  stm32f1xx_it.o(i.USART1_IRQHandler)
    UsageFault_Handler                       0x080040d5   Thumb Code     2  stm32f1xx_it.o(i.UsageFault_Handler)
    __0printf                                0x080040d9   Thumb Code    22  printfa.o(i.__0printf)
    __1printf                                0x080040d9   Thumb Code     0  printfa.o(i.__0printf)
    __2printf                                0x080040d9   Thumb Code     0  printfa.o(i.__0printf)
    __c89printf                              0x080040d9   Thumb Code     0  printfa.o(i.__0printf)
    printf                                   0x080040d9   Thumb Code     0  printfa.o(i.__0printf)
    __aeabi_errno_addr                       0x080040f9   Thumb Code     4  errno.o(i.__aeabi_errno_addr)
    __rt_errno_addr                          0x080040f9   Thumb Code     0  errno.o(i.__aeabi_errno_addr)
    __read_errno                             0x08004101   Thumb Code     6  errno.o(i.__read_errno)
    __scatterload_copy                       0x0800410d   Thumb Code    14  handlers.o(i.__scatterload_copy)
    __scatterload_null                       0x0800411b   Thumb Code     2  handlers.o(i.__scatterload_null)
    __scatterload_zeroinit                   0x0800411d   Thumb Code    14  handlers.o(i.__scatterload_zeroinit)
    __set_errno                              0x0800412d   Thumb Code     6  errno.o(i.__set_errno)
    _is_digit                                0x0800429d   Thumb Code    14  scanf_fp.o(i._is_digit)
    assert_failed                            0x080049db   Thumb Code     2  main.o(i.assert_failed)
    atof                                     0x080049dd   Thumb Code    42  atof.o(i.atof)
    control_motor_program                    0x08004a09   Thumb Code    86  main.o(i.control_motor_program)
    conver_distance_to_pluse                 0x08004a69   Thumb Code    22  main.o(i.conver_distance_to_pluse)
    fputc                                    0x08004a89   Thumb Code    42  main.o(i.fputc)
    machine_state                            0x08004abd   Thumb Code   358  main.o(i.machine_state)
    main                                     0x08004c35   Thumb Code   190  main.o(i.main)
    process_data_recive                      0x08004d15   Thumb Code   638  main.o(i.process_data_recive)
    process_pluse                            0x08004fad   Thumb Code    40  main.o(i.process_pluse)
    requset_machine_state                    0x08004fdd   Thumb Code   258  main.o(i.requset_machine_state)
    reset_encoder                            0x08005129   Thumb Code    34  main.o(i.reset_encoder)
    reset_system                             0x0800514d   Thumb Code    44  main.o(i.reset_system)
    update_new_setpoint_new_speed            0x08005185   Thumb Code   164  main.o(i.update_new_setpoint_new_speed)
    AHBPrescTable                            0x08005230   Data          16  system_stm32f1xx.o(.constdata)
    APBPrescTable                            0x08005240   Data           8  system_stm32f1xx.o(.constdata)
    __ctype_table                            0x08005248   Data         129  ctype_o.o(.constdata)
    Region$$Table$$Base                      0x080052d0   Number         0  anon$$obj.o(Region$$Table)
    Region$$Table$$Limit                     0x080052f0   Number         0  anon$$obj.o(Region$$Table)
    SystemCoreClock                          0x20000000   Data           4  system_stm32f1xx.o(.data)
    reciver_cmd                              0x20000004   Data           1  main.o(.data)
    update_setpoint_flag                     0x20000005   Data           1  main.o(.data)
    step_set_home                            0x20000006   Data           1  main.o(.data)
    flag_request                             0x20000007   Data           1  main.o(.data)
    flag_over_distance                       0x20000008   Data           1  main.o(.data)
    step_program                             0x20000009   Data           1  main.o(.data)
    set_home_cplt                            0x2000000a   Data           1  main.o(.data)
    reset_system_ok                          0x2000000b   Data           1  main.o(.data)
    run_ok                                   0x2000000c   Data           1  main.o(.data)
    count_reset                              0x2000000d   Data           1  main.o(.data)
    start_check_error_encoder                0x2000000e   Data           1  main.o(.data)
    flag_send_error_frame                    0x2000000f   Data           1  main.o(.data)
    Rx_data                                  0x20000010   Data           1  main.o(.data)
    Rx_indx                                  0x20000011   Data           1  main.o(.data)
    transfer_cplt                            0x20000012   Data           1  main.o(.data)
    x_counter                                0x20000013   Data           1  main.o(.data)
    y_counter                                0x20000014   Data           1  main.o(.data)
    f_counter                                0x20000015   Data           1  main.o(.data)
    g_counter                                0x20000016   Data           1  main.o(.data)
    t_counter                                0x20000017   Data           1  main.o(.data)
    len                                      0x20000018   Data           1  main.o(.data)
    r_command                                0x20000019   Data           1  main.o(.data)
    reset_step                               0x2000001a   Data           1  main.o(.data)
    acc                                      0x2000001c   Data           2  main.o(.data)
    f_run                                    0x2000001e   Data           2  main.o(.data)
    f_max                                    0x20000020   Data           2  main.o(.data)
    counter_over_distance                    0x20000024   Data           4  main.o(.data)
    reset_counter_over_distance              0x20000028   Data           4  main.o(.data)
    rx_count                                 0x2000002c   Data           4  main.o(.data)
    x                                        0x20000030   Data           4  main.o(.data)
    f                                        0x20000034   Data           4  main.o(.data)
    time_requset_offset                      0x20000038   Data           4  main.o(.data)
    reset                                    0x2000003c   Data           4  main.o(.data)
    new_time_calculator_PID                  0x20000040   Data           4  main.o(.data)
    old_time_calculator_PID                  0x20000044   Data           4  main.o(.data)
    _timer                                   0x20000048   Data           4  main.o(.data)
    old_time_update_speed                    0x2000004c   Data           4  main.o(.data)
    new_time_update_speed                    0x20000050   Data           4  main.o(.data)
    new_test_time                            0x20000054   Data           4  main.o(.data)
    old_test_time                            0x20000058   Data           4  main.o(.data)
    new_time_sethome                         0x2000005c   Data           4  main.o(.data)
    old_time_sethome                         0x20000060   Data           4  main.o(.data)
    new_time_requset                         0x20000064   Data           4  main.o(.data)
    old_time_request                         0x20000068   Data           4  main.o(.data)
    new_time_check_error_frame               0x2000006c   Data           4  main.o(.data)
    old_time_check_error_frame               0x20000070   Data           4  main.o(.data)
    count_error_frame                        0x20000074   Data           4  main.o(.data)
    old_frame_error                          0x20000078   Data           4  main.o(.data)
    new_frame_error                          0x2000007c   Data           4  main.o(.data)
    true_frame                               0x20000080   Data           4  main.o(.data)
    y                                        0x20000084   Data           4  main.o(.data)
    time_request                             0x20000088   Data           4  main.o(.data)
    count_frame                              0x2000008c   Data           4  main.o(.data)
    __stdout                                 0x20000094   Data           4  stdout.o(.data)
    x_buff                                   0x2000009c   Data          10  main.o(.bss)
    f_buff                                   0x200000a6   Data          10  main.o(.bss)
    t_buff                                   0x200000b0   Data          10  main.o(.bss)
    Rx_Buffer                                0x200000ba   Data          20  main.o(.bss)
    y_buff                                   0x200000ce   Data          10  main.o(.bss)
    my_step                                  0x200000d8   Data          40  main.o(.bss)
    my_motor                                 0x20000100   Data          88  main.o(.bss)
    htim2                                    0x20000158   Data          60  tim.o(.bss)
    htim3                                    0x20000194   Data          60  tim.o(.bss)
    htim4                                    0x200001d0   Data          60  tim.o(.bss)
    huart1                                   0x2000020c   Data          64  usart.o(.bss)
    __initial_sp                             0x20000650   Data           0  startup_stm32f103xb.o(STACK)



==============================================================================

Memory Map of the image

  Image Entry point : 0x080000ed

  Load Region LR_IROM1 (Base: 0x08000000, Size: 0x0000538c, Max: 0x00010000, ABSOLUTE)

    Execution Region ER_IROM1 (Base: 0x08000000, Size: 0x000052f0, Max: 0x00010000, ABSOLUTE)

    Base Addr    Size         Type   Attr      Idx    E Section Name        Object

    0x08000000   0x000000ec   Data   RO          124    RESET               startup_stm32f103xb.o
    0x080000ec   0x00000000   Code   RO         2570  * .ARM.Collect$$$$00000000  mc_w.l(entry.o)
    0x080000ec   0x00000004   Code   RO         2852    .ARM.Collect$$$$00000001  mc_w.l(entry2.o)
    0x080000f0   0x00000004   Code   RO         2855    .ARM.Collect$$$$00000004  mc_w.l(entry5.o)
    0x080000f4   0x00000000   Code   RO         2857    .ARM.Collect$$$$00000008  mc_w.l(entry7b.o)
    0x080000f4   0x00000000   Code   RO         2859    .ARM.Collect$$$$0000000A  mc_w.l(entry8b.o)
    0x080000f4   0x00000008   Code   RO         2860    .ARM.Collect$$$$0000000B  mc_w.l(entry9a.o)
    0x080000fc   0x00000000   Code   RO         2862    .ARM.Collect$$$$0000000D  mc_w.l(entry10a.o)
    0x080000fc   0x00000000   Code   RO         2864    .ARM.Collect$$$$0000000F  mc_w.l(entry11a.o)
    0x080000fc   0x00000004   Code   RO         2853    .ARM.Collect$$$$00002712  mc_w.l(entry2.o)
    0x08000100   0x00000024   Code   RO          125    .text               startup_stm32f103xb.o
    0x08000124   0x00000020   Code   RO         2573    .text               mc_w.l(llushr.o)
    0x08000144   0x0000000e   Code   RO         2575    .text               mc_w.l(strlen.o)
    0x08000152   0x0000001a   Code   RO         2838    .text               mc_w.l(atoi.o)
    0x0800016c   0x00000064   Code   RO         2840    .text               mf_w.l(fmul.o)
    0x080001d0   0x0000007c   Code   RO         2842    .text               mf_w.l(fdiv.o)
    0x0800024c   0x00000012   Code   RO         2844    .text               mf_w.l(fflti.o)
    0x0800025e   0x00000032   Code   RO         2846    .text               mf_w.l(ffixi.o)
    0x08000290   0x00000026   Code   RO         2848    .text               mf_w.l(f2d.o)
    0x080002b6   0x00000038   Code   RO         2850    .text               mf_w.l(d2f.o)
    0x080002ee   0x0000002c   Code   RO         2867    .text               mc_w.l(uidiv.o)
    0x0800031a   0x00000062   Code   RO         2869    .text               mc_w.l(uldiv.o)
    0x0800037c   0x0000009c   Code   RO         2878    .text               mc_w.l(strtod.o)
    0x08000418   0x00000070   Code   RO         2880    .text               mc_w.l(strtol.o)
    0x08000488   0x00000000   Code   RO         2882    .text               mc_w.l(iusefp.o)
    0x08000488   0x0000006e   Code   RO         2883    .text               mf_w.l(fepilogue.o)
    0x080004f6   0x0000014e   Code   RO         2885    .text               mf_w.l(dadd.o)
    0x08000644   0x000000e4   Code   RO         2887    .text               mf_w.l(dmul.o)
    0x08000728   0x000000de   Code   RO         2889    .text               mf_w.l(ddiv.o)
    0x08000806   0x00000030   Code   RO         2891    .text               mf_w.l(dfixul.o)
    0x08000836   0x00000002   PAD
    0x08000838   0x00000030   Code   RO         2893    .text               mf_w.l(cdrcmple.o)
    0x08000868   0x00000024   Code   RO         2895    .text               mc_w.l(init.o)
    0x0800088c   0x0000001e   Code   RO         2897    .text               mc_w.l(llshl.o)
    0x080008aa   0x00000024   Code   RO         2899    .text               mc_w.l(llsshr.o)
    0x080008ce   0x00000002   PAD
    0x080008d0   0x00000008   Code   RO         2903    .text               mc_w.l(ctype_o.o)
    0x080008d8   0x00000012   Code   RO         2925    .text               mc_w.l(isspace_o.o)
    0x080008ea   0x00000002   PAD
    0x080008ec   0x00000338   Code   RO         2931    .text               mc_w.l(scanf_fp.o)
    0x08000c24   0x00000040   Code   RO         2935    .text               mc_w.l(_sgetc.o)
    0x08000c64   0x0000009e   Code   RO         2937    .text               mc_w.l(_strtoul.o)
    0x08000d02   0x000000ba   Code   RO         2939    .text               mf_w.l(depilogue.o)
    0x08000dbc   0x0000001c   Code   RO         2944    .text               mc_w.l(_chval.o)
    0x08000dd8   0x00000018   Code   RO         2946    .text               mf_w.l(dfltul.o)
    0x08000df0   0x00000002   Code   RO          339    i.BusFault_Handler  stm32f1xx_it.o
    0x08000df2   0x00000002   Code   RO          340    i.DebugMon_Handler  stm32f1xx_it.o
    0x08000df4   0x00000002   Code   RO          132    i.Error_Handler     main.o
    0x08000df6   0x00000016   Code   RO         2043    i.HAL_Delay         stm32f1xx_hal.o
    0x08000e0c   0x0000016c   Code   RO         2503    i.HAL_GPIO_DeInit   stm32f1xx_hal_gpio.o
    0x08000f78   0x00000318   Code   RO         2506    i.HAL_GPIO_Init     stm32f1xx_hal_gpio.o
    0x08001290   0x00000058   Code   RO         2508    i.HAL_GPIO_ReadPin  stm32f1xx_hal_gpio.o
    0x080012e8   0x0000006c   Code   RO         2510    i.HAL_GPIO_WritePin  stm32f1xx_hal_gpio.o
    0x08001354   0x0000000c   Code   RO         2047    i.HAL_GetTick       stm32f1xx_hal.o
    0x08001360   0x00000010   Code   RO         2048    i.HAL_IncTick       stm32f1xx_hal.o
    0x08001370   0x00000024   Code   RO         2049    i.HAL_Init          stm32f1xx_hal.o
    0x08001394   0x00000022   Code   RO         2050    i.HAL_InitTick      stm32f1xx_hal.o
    0x080013b6   0x00000002   PAD
    0x080013b8   0x00000080   Code   RO          315    i.HAL_MspInit       stm32f1xx_hal_msp.o
    0x08001438   0x00000060   Code   RO          954    i.HAL_NVIC_DisableIRQ  stm32f1xx_hal_cortex.o
    0x08001498   0x00000060   Code   RO          955    i.HAL_NVIC_EnableIRQ  stm32f1xx_hal_cortex.o
    0x080014f8   0x000000a0   Code   RO          961    i.HAL_NVIC_SetPriority  stm32f1xx_hal_cortex.o
    0x08001598   0x00000080   Code   RO          962    i.HAL_NVIC_SetPriorityGrouping  stm32f1xx_hal_cortex.o
    0x08001618   0x0000028c   Code   RO         1071    i.HAL_RCC_ClockConfig  stm32f1xx_hal_rcc.o
    0x080018a4   0x0000000c   Code   RO         1076    i.HAL_RCC_GetHCLKFreq  stm32f1xx_hal_rcc.o
    0x080018b0   0x00000030   Code   RO         1078    i.HAL_RCC_GetPCLK1Freq  stm32f1xx_hal_rcc.o
    0x080018e0   0x00000030   Code   RO         1079    i.HAL_RCC_GetPCLK2Freq  stm32f1xx_hal_rcc.o
    0x08001910   0x00000088   Code   RO         1080    i.HAL_RCC_GetSysClockFreq  stm32f1xx_hal_rcc.o
    0x08001998   0x00000700   Code   RO         1083    i.HAL_RCC_OscConfig  stm32f1xx_hal_rcc.o
    0x08002098   0x00000064   Code   RO          964    i.HAL_SYSTICK_CLKSourceConfig  stm32f1xx_hal_cortex.o
    0x080020fc   0x00000028   Code   RO          133    i.HAL_SYSTICK_Callback  main.o
    0x08002124   0x00000028   Code   RO          966    i.HAL_SYSTICK_Config  stm32f1xx_hal_cortex.o
    0x0800214c   0x00000008   Code   RO          967    i.HAL_SYSTICK_IRQHandler  stm32f1xx_hal_cortex.o
    0x08002154   0x00000002   Code   RO         1172    i.HAL_TIMEx_BreakCallback  stm32f1xx_hal_tim_ex.o
    0x08002156   0x00000002   Code   RO         1173    i.HAL_TIMEx_CommutationCallback  stm32f1xx_hal_tim_ex.o
    0x08002158   0x000000fc   Code   RO         1189    i.HAL_TIMEx_MasterConfigSynchronization  stm32f1xx_hal_tim_ex.o
    0x08002254   0x00000084   Code   RO         1200    i.HAL_TIMEx_PWMN_Start  stm32f1xx_hal_tim_ex.o
    0x080022d8   0x000000d0   Code   RO         1407    i.HAL_TIM_Base_Init  stm32f1xx_hal_tim.o
    0x080023a8   0x0000003c   Code   RO          452    i.HAL_TIM_Base_MspInit  tim.o
    0x080023e4   0x00000084   Code   RO         1412    i.HAL_TIM_Base_Start_IT  stm32f1xx_hal_tim.o
    0x08002468   0x000003ac   Code   RO         1416    i.HAL_TIM_ConfigClockSource  stm32f1xx_hal_tim.o
    0x08002814   0x000001c8   Code   RO         1425    i.HAL_TIM_Encoder_Init  stm32f1xx_hal_tim.o
    0x080029dc   0x00000044   Code   RO          454    i.HAL_TIM_Encoder_MspInit  tim.o
    0x08002a20   0x000000c8   Code   RO         1430    i.HAL_TIM_Encoder_Start_IT  stm32f1xx_hal_tim.o
    0x08002ae8   0x00000002   Code   RO         1436    i.HAL_TIM_IC_CaptureCallback  stm32f1xx_hal_tim.o
    0x08002aea   0x00000166   Code   RO         1449    i.HAL_TIM_IRQHandler  stm32f1xx_hal_tim.o
    0x08002c50   0x00000038   Code   RO          455    i.HAL_TIM_MspPostInit  tim.o
    0x08002c88   0x00000002   Code   RO         1452    i.HAL_TIM_OC_DelayElapsedCallback  stm32f1xx_hal_tim.o
    0x08002c8a   0x00000002   PAD
    0x08002c8c   0x000001f0   Code   RO         1473    i.HAL_TIM_PWM_ConfigChannel  stm32f1xx_hal_tim.o
    0x08002e7c   0x000000d8   Code   RO         1476    i.HAL_TIM_PWM_Init  stm32f1xx_hal_tim.o
    0x08002f54   0x00000024   Code   RO          457    i.HAL_TIM_PWM_MspInit  tim.o
    0x08002f78   0x00000002   Code   RO         1479    i.HAL_TIM_PWM_PulseFinishedCallback  stm32f1xx_hal_tim.o
    0x08002f7a   0x00000002   PAD
    0x08002f7c   0x000000c0   Code   RO         1480    i.HAL_TIM_PWM_Start  stm32f1xx_hal_tim.o
    0x0800303c   0x00000004   Code   RO          134    i.HAL_TIM_PeriodElapsedCallback  main.o
    0x08003040   0x00000002   Code   RO         1490    i.HAL_TIM_TriggerCallback  stm32f1xx_hal_tim.o
    0x08003042   0x00000002   Code   RO          728    i.HAL_UART_ErrorCallback  stm32f1xx_hal_uart.o
    0x08003044   0x000000da   Code   RO          731    i.HAL_UART_IRQHandler  stm32f1xx_hal_uart.o
    0x0800311e   0x00000002   PAD
    0x08003120   0x00000120   Code   RO          732    i.HAL_UART_Init     stm32f1xx_hal_uart.o
    0x08003240   0x00000038   Code   RO          535    i.HAL_UART_MspDeInit  usart.o
    0x08003278   0x00000068   Code   RO          536    i.HAL_UART_MspInit  usart.o
    0x080032e0   0x0000006a   Code   RO          737    i.HAL_UART_Receive_IT  stm32f1xx_hal_uart.o
    0x0800334a   0x00000002   PAD
    0x0800334c   0x00000058   Code   RO          135    i.HAL_UART_RxCpltCallback  main.o
    0x080033a4   0x000000cc   Code   RO          740    i.HAL_UART_Transmit  stm32f1xx_hal_uart.o
    0x08003470   0x00000002   Code   RO          743    i.HAL_UART_TxCpltCallback  stm32f1xx_hal_uart.o
    0x08003472   0x00000002   Code   RO          341    i.HardFault_Handler  stm32f1xx_it.o
    0x08003474   0x000000f0   Code   RO          427    i.MX_GPIO_Init      gpio.o
    0x08003564   0x00000060   Code   RO          458    i.MX_TIM2_Init      tim.o
    0x080035c4   0x0000005c   Code   RO          459    i.MX_TIM3_Init      tim.o
    0x08003620   0x00000058   Code   RO          460    i.MX_TIM4_Init      tim.o
    0x08003678   0x00000038   Code   RO          537    i.MX_USART1_UART_Init  usart.o
    0x080036b0   0x00000002   Code   RO          342    i.MemManage_Handler  stm32f1xx_it.o
    0x080036b2   0x00000002   PAD
    0x080036b4   0x00000084   Code   RO          136    i.Motor_Position    main.o
    0x08003738   0x00000002   Code   RO          343    i.NMI_Handler       stm32f1xx_it.o
    0x0800373a   0x00000020   Code   RO          968    i.NVIC_SetPriority  stm32f1xx_hal_cortex.o
    0x0800375a   0x00000002   Code   RO          344    i.PendSV_Handler    stm32f1xx_it.o
    0x0800375c   0x00000064   Code   RO          137    i.Run_step_motor    main.o
    0x080037c0   0x00000002   Code   RO          345    i.SVC_Handler       stm32f1xx_it.o
    0x080037c2   0x0000000e   Code   RO          346    i.SysTick_Handler   stm32f1xx_it.o
    0x080037d0   0x00000066   Code   RO          138    i.SystemClock_Config  main.o
    0x08003836   0x00000002   PAD
    0x08003838   0x00000048   Code   RO            5    i.SystemInit        system_stm32f1xx.o
    0x08003880   0x0000000c   Code   RO          347    i.TIM4_IRQHandler   stm32f1xx_it.o
    0x0800388c   0x00000064   Code   RO         1491    i.TIM_Base_SetConfig  stm32f1xx_hal_tim.o
    0x080038f0   0x000000a0   Code   RO         1492    i.TIM_CCxChannelCmd  stm32f1xx_hal_tim.o
    0x08003990   0x00000016   Code   RO         1207    i.TIM_CCxNChannelCmd  stm32f1xx_hal_tim_ex.o
    0x080039a6   0x00000014   Code   RO         1498    i.TIM_ETR_SetConfig  stm32f1xx_hal_tim.o
    0x080039ba   0x00000010   Code   RO         1499    i.TIM_ITRx_SetConfig  stm32f1xx_hal_tim.o
    0x080039ca   0x00000002   PAD
    0x080039cc   0x000000cc   Code   RO         1500    i.TIM_OC1_SetConfig  stm32f1xx_hal_tim.o
    0x08003a98   0x000000d4   Code   RO         1501    i.TIM_OC2_SetConfig  stm32f1xx_hal_tim.o
    0x08003b6c   0x000000d4   Code   RO         1502    i.TIM_OC3_SetConfig  stm32f1xx_hal_tim.o
    0x08003c40   0x0000009c   Code   RO         1503    i.TIM_OC4_SetConfig  stm32f1xx_hal_tim.o
    0x08003cdc   0x00000022   Code   RO         1505    i.TIM_TI1_ConfigInputStage  stm32f1xx_hal_tim.o
    0x08003cfe   0x00000024   Code   RO         1507    i.TIM_TI2_ConfigInputStage  stm32f1xx_hal_tim.o
    0x08003d22   0x00000002   PAD
    0x08003d24   0x000000a8   Code   RO          750    i.UART_Receive_IT   stm32f1xx_hal_uart.o
    0x08003dcc   0x00000204   Code   RO          751    i.UART_SetConfig    stm32f1xx_hal_uart.o
    0x08003fd0   0x00000066   Code   RO          752    i.UART_Transmit_IT  stm32f1xx_hal_uart.o
    0x08004036   0x00000092   Code   RO          753    i.UART_WaitOnFlagUntilTimeout  stm32f1xx_hal_uart.o
    0x080040c8   0x0000000c   Code   RO          348    i.USART1_IRQHandler  stm32f1xx_it.o
    0x080040d4   0x00000002   Code   RO          349    i.UsageFault_Handler  stm32f1xx_it.o
    0x080040d6   0x00000002   PAD
    0x080040d8   0x00000020   Code   RO         2810    i.__0printf         mc_w.l(printfa.o)
    0x080040f8   0x00000008   Code   RO         2871    i.__aeabi_errno_addr  mc_w.l(errno.o)
    0x08004100   0x0000000c   Code   RO         2872    i.__read_errno      mc_w.l(errno.o)
    0x0800410c   0x0000000e   Code   RO         2950    i.__scatterload_copy  mc_w.l(handlers.o)
    0x0800411a   0x00000002   Code   RO         2951    i.__scatterload_null  mc_w.l(handlers.o)
    0x0800411c   0x0000000e   Code   RO         2952    i.__scatterload_zeroinit  mc_w.l(handlers.o)
    0x0800412a   0x00000002   PAD
    0x0800412c   0x0000000c   Code   RO         2873    i.__set_errno       mc_w.l(errno.o)
    0x08004138   0x00000164   Code   RO         2817    i._fp_digits        mc_w.l(printfa.o)
    0x0800429c   0x0000000e   Code   RO         2933    i._is_digit         mc_w.l(scanf_fp.o)
    0x080042aa   0x00000002   PAD
    0x080042ac   0x000006dc   Code   RO         2818    i._printf_core      mc_w.l(printfa.o)
    0x08004988   0x00000024   Code   RO         2819    i._printf_post_padding  mc_w.l(printfa.o)
    0x080049ac   0x0000002e   Code   RO         2820    i._printf_pre_padding  mc_w.l(printfa.o)
    0x080049da   0x00000002   Code   RO          139    i.assert_failed     main.o
    0x080049dc   0x0000002a   Code   RO         2567    i.atof              m_ws.l(atof.o)
    0x08004a06   0x00000002   PAD
    0x08004a08   0x00000060   Code   RO          141    i.control_motor_program  main.o
    0x08004a68   0x00000020   Code   RO          142    i.conver_distance_to_pluse  main.o
    0x08004a88   0x00000034   Code   RO          143    i.fputc             main.o
    0x08004abc   0x00000178   Code   RO          144    i.machine_state     main.o
    0x08004c34   0x000000e0   Code   RO          145    i.main              main.o
    0x08004d14   0x00000298   Code   RO          147    i.process_data_recive  main.o
    0x08004fac   0x00000030   Code   RO          148    i.process_pluse     main.o
    0x08004fdc   0x0000014c   Code   RO          149    i.requset_machine_state  main.o
    0x08005128   0x00000022   Code   RO          150    i.reset_encoder     main.o
    0x0800514a   0x00000002   PAD
    0x0800514c   0x00000038   Code   RO          151    i.reset_system      main.o
    0x08005184   0x000000ac   Code   RO          152    i.update_new_setpoint_new_speed  main.o
    0x08005230   0x00000010   Data   RO            6    .constdata          system_stm32f1xx.o
    0x08005240   0x00000008   Data   RO            7    .constdata          system_stm32f1xx.o
    0x08005248   0x00000081   Data   RO         2904    .constdata          mc_w.l(ctype_o.o)
    0x080052c9   0x00000003   PAD
    0x080052cc   0x00000004   Data   RO         2905    .constdata          mc_w.l(ctype_o.o)
    0x080052d0   0x00000020   Data   RO         2948    Region$$Table       anon$$obj.o


    Execution Region RW_IRAM1 (Base: 0x20000000, Size: 0x00000650, Max: 0x00005000, ABSOLUTE)

    Base Addr    Size         Type   Attr      Idx    E Section Name        Object

    0x20000000   0x00000004   Data   RW            8    .data               system_stm32f1xx.o
    0x20000004   0x0000008c   Data   RW          154    .data               main.o
    0x20000090   0x00000004   Data   RW         2055    .data               stm32f1xx_hal.o
    0x20000094   0x00000004   Data   RW         2866    .data               mc_w.l(stdout.o)
    0x20000098   0x00000004   Data   RW         2874    .data               mc_w.l(errno.o)
    0x2000009c   0x000000bc   Zero   RW          153    .bss                main.o
    0x20000158   0x000000b4   Zero   RW          461    .bss                tim.o
    0x2000020c   0x00000040   Zero   RW          538    .bss                usart.o
    0x2000024c   0x00000004   PAD
    0x20000250   0x00000400   Zero   RW          122    STACK               startup_stm32f103xb.o


==============================================================================

Image component sizes


      Code (inc. data)   RO Data    RW Data    ZI Data      Debug   Object Name

       240         16          0          0          0        987   gpio.o
      2556        274          0        140        188      38478   main.o
        36          8        236          0       1024        772   startup_stm32f103xb.o
       120         16          0          4          0       3618   stm32f1xx_hal.o
       660        316          0          0          0      27768   stm32f1xx_hal_cortex.o
      1352        340          0          0          0       4977   stm32f1xx_hal_gpio.o
       128         10          0          0          0        846   stm32f1xx_hal_msp.o
      2688        216          0          0          0       6016   stm32f1xx_hal_rcc.o
      4356        874          0          0          0      17792   stm32f1xx_hal_tim.o
       410        138          0          0          0       3645   stm32f1xx_hal_tim_ex.o
      1752        142          0          0          0       8311   stm32f1xx_hal_uart.o
        54         12          0          0          0       4696   stm32f1xx_it.o
        72         16         24          4          0     453611   system_stm32f1xx.o
       496         64          0          0        180       4494   tim.o
       216         34          0          0         64       2167   usart.o

    ----------------------------------------------------------------------
     15158       2476        292        148       1460     578178   Object Totals
         0          0         32          0          0          0   (incl. Generated)
        22          0          0          0          4          0   (incl. Padding)

    ----------------------------------------------------------------------

      Code (inc. data)   RO Data    RW Data    ZI Data      Debug   Library Member Name

        42          0          0          0          0         84   atof.o
        28          0          0          0          0         68   _chval.o
        64          0          0          0          0         84   _sgetc.o
       158          0          0          0          0         92   _strtoul.o
        26          0          0          0          0         80   atoi.o
         8          4        133          0          0         68   ctype_o.o
         0          0          0          0          0          0   entry.o
         0          0          0          0          0          0   entry10a.o
         0          0          0          0          0          0   entry11a.o
         8          4          0          0          0          0   entry2.o
         4          0          0          0          0          0   entry5.o
         0          0          0          0          0          0   entry7b.o
         0          0          0          0          0          0   entry8b.o
         8          4          0          0          0          0   entry9a.o
        32         16          0          4          0        204   errno.o
        30          0          0          0          0          0   handlers.o
        36          8          0          0          0         68   init.o
        18          0          0          0          0         76   isspace_o.o
         0          0          0          0          0          0   iusefp.o
        30          0          0          0          0         68   llshl.o
        36          0          0          0          0         68   llsshr.o
        32          0          0          0          0         68   llushr.o
      2226         90          0          0          0        444   printfa.o
       838         12          0          0          0        216   scanf_fp.o
         0          0          0          4          0          0   stdout.o
        14          0          0          0          0         68   strlen.o
       156         14          0          0          0        120   strtod.o
       112          0          0          0          0         88   strtol.o
        44          0          0          0          0         80   uidiv.o
        98          0          0          0          0         92   uldiv.o
        48          0          0          0          0         68   cdrcmple.o
        56          0          0          0          0         88   d2f.o
       334          0          0          0          0        148   dadd.o
       222          0          0          0          0        100   ddiv.o
       186          0          0          0          0        176   depilogue.o
        48          0          0          0          0         68   dfixul.o
        24          0          0          0          0         76   dfltul.o
       228          0          0          0          0         96   dmul.o
        38          0          0          0          0         68   f2d.o
       124          0          0          0          0         88   fdiv.o
       110          0          0          0          0        168   fepilogue.o
        50          0          0          0          0         68   ffixi.o
        18          0          0          0          0         68   fflti.o
       100          0          0          0          0         76   fmul.o

    ----------------------------------------------------------------------
      5646        152        136          8          0       3492   Library Totals
        12          0          3          0          0          0   (incl. Padding)

    ----------------------------------------------------------------------

      Code (inc. data)   RO Data    RW Data    ZI Data      Debug   Library Name

        42          0          0          0          0         84   m_ws.l
      4006        152        133          8          0       2052   mc_w.l
      1586          0          0          0          0       1356   mf_w.l

    ----------------------------------------------------------------------
      5646        152        136          8          0       3492   Library Totals

    ----------------------------------------------------------------------

==============================================================================


      Code (inc. data)   RO Data    RW Data    ZI Data      Debug   

     20804       2628        428        156       1460     574646   Grand Totals
     20804       2628        428        156       1460     574646   ELF Image Totals
     20804       2628        428        156          0          0   ROM Totals

==============================================================================

    Total RO  Size (Code + RO Data)                21232 (  20.73kB)
    Total RW  Size (RW Data + ZI Data)              1616 (   1.58kB)
    Total ROM Size (Code + RO Data + RW Data)      21388 (  20.89kB)

==============================================================================

